<html>
<body>
<pre>
<h1>µVision Build Log</h1>
<h2>Tool Versions:</h2>
IDE-Version: µVision V5.31.0.0
Copyright (C) 2020 ARM Ltd and ARM Germany GmbH. All rights reserved.
License Information: Ankita kumari, Infineon, LIC=----
 
Tool Versions:
Toolchain:       MDK-Lite  Version: 5.31.0.0
Toolchain Path:  C:\Keil_v5\ARM\ARMCC\Bin
C Compiler:      Armcc.exe V5.06 update 6 (build 750)
Assembler:       Armasm.exe V5.06 update 6 (build 750)
Linker/Locator:  ArmLink.exe V5.06 update 6 (build 750)
Library Manager: ArmAr.exe V5.06 update 6 (build 750)
Hex Converter:   FromElf.exe V5.06 update 6 (build 750)
CPU DLL:         SARMCM3.DLL V5.31.0.0
Dialog DLL:      DCM.DLL V1.17.3.0
Target DLL:      Segger\JL2CM3.dll V2.99.38.0
Dialog DLL:      TCM.DLL V1.46.0.0
 
<h2>Project:</h2>
C:\Users\KumariAnkita\Documents\work\keil_projects\Device\XMClib\examples\XMC4800_series\UART\UART_PRINTF\ARM\uart_printf_xmc48.uvprojx
Project File Date:  01/08/2021

<h2>Output:</h2>
*** Using Compiler 'V5.06 update 6 (build 750)', folder: 'C:\Keil_v5\ARM\ARMCC\Bin'
Build target 'uart_printf_xmc48'
Note: source file 'C:\Users\KumariAnkita\AppData\Local\Arm\Packs\Keil\ARM_Compiler\1.6.3\Source\retarget_io.c' - object file renamed from '.\Objects\retarget_io.o' to '.\Objects\retarget_io_1.o'.
compiling serial.c...
linking...
Program Size: Code=13704 RO-data=1172 RW-data=76 ZI-data=3184  
".\Objects\uart_printf.axf" - 0 Error(s), 0 Warning(s).

<h2>Software Packages used:</h2>

Package Vendor: ARM
                http://www.keil.com/pack/ARM.CMSIS.5.7.0.pack
                ARM.CMSIS.5.7.0
                CMSIS (Cortex Microcontroller Software Interface Standard)
   * Component: CORE Version: 5.4.0

Package Vendor: Infineon
                https://www.infineon.com/cmsis_packs/XMC4000/Infineon.XMC4000_DFP.2.13.0.pack
                Infineon.XMC4000_DFP.2.13.0
                Infineon XMC4000 Series Device Support, Drivers and Examples
   * Component: Startup Version: 2.2.4
   * Component: GPIO Version: 2.1.24
   * Component: SCU Version: 2.1.24
   * Component: UART Version: 2.1.24

Package Vendor: Keil
                http://www.keil.com/pack/Keil.ARM_Compiler.1.6.3.pack
                Keil.ARM_Compiler.1.6.3
                Keil ARM Compiler extensions for ARM Compiler 5 and ARM Compiler 6
   * Component: STDOUT Variant: User Version: 1.2.0

<h2>Collection of Component include folders:</h2>
  .\RTE\_uart_printf_xmc48
  C:\Users\KumariAnkita\AppData\Local\Arm\Packs\ARM\CMSIS\5.7.0\CMSIS\Core\Include
  C:\Users\KumariAnkita\AppData\Local\Arm\Packs\Infineon\XMC4000_DFP\2.13.0\Device\XMC4800_series\Include
  C:\Users\KumariAnkita\AppData\Local\Arm\Packs\Infineon\XMC4000_DFP\2.13.0\Device\XMClib\inc

<h2>Collection of Component Files used:</h2>

   * Component: ARM::CMSIS:CORE:5.4.0

   * Component: Infineon::Device:Startup:2.2.4
      Include file:  Device\XMC4800_series\Include\XMC4800.h
      Source file:   Device\XMC4800_series\Source\system_XMC4800.c
      Source file:   Device\XMC4800_series\Source\ARM\startup_XMC4800.s

   * Component: Infineon::Device:XMClib:GPIO:2.1.24
      Source file:   Device\XMClib\src\xmc_gpio.c
      Source file:   Device\XMClib\src\xmc4_gpio.c
      Source file:   Device\XMClib\src\xmc_common.c

   * Component: Infineon::Device:XMClib:SCU:2.1.24
      Source file:   Device\XMClib\src\xmc_common.c
      Source file:   Device\XMClib\src\xmc4_scu.c

   * Component: Infineon::Device:XMClib:UART:2.1.24
      Source file:   Device\XMClib\src\xmc_usic.c
      Source file:   Device\XMClib\src\xmc_common.c
      Source file:   Device\XMClib\src\xmc_uart.c

   * Component: Keil.ARM Compiler::Compiler:I/O:STDOUT:User:1.2.0
      Source file:   Source\retarget_io.c
      Source file:   Template\stdout_user.c
      Source file:   Template\stdout_USART.c
      Source file:   Template\stdout_display.c
Build Time Elapsed:  00:00:05
</pre>
</body>
</html>
