Component: ARM Compiler 5.06 update 6 (build 750) Tool: armlink [4d35ed]

==============================================================================

Section Cross References

    main.o(.text) refers to _printf_percent.o(.ARM.Collect$$_printf_percent$$00000000) for _printf_percent
    main.o(.text) refers to _printf_u.o(.ARM.Collect$$_printf_percent$$0000000A) for _printf_u
    main.o(.text) refers to _printf_s.o(.ARM.Collect$$_printf_percent$$00000014) for _printf_s
    main.o(.text) refers to _printf_dec.o(.text) for _printf_int_dec
    main.o(.text) refers to _printf_str.o(.text) for _printf_str
    main.o(.text) refers to noretval__2printf.o(.text) for __2printf
    main.o(.text) refers to serial.o(.text) for serial_init
    retarget_io.o(.text) refers to ring_buffer.o(.text) for ring_buffer_get
    retarget_io.o(.text) refers to xmc_uart.o(.text) for XMC_UART_CH_Transmit
    retarget_io.o(.text) refers to serial.o(.data) for serial_buffer
    serial.o(.text) refers to xmc_uart.o(.text) for XMC_UART_CH_Transmit
    serial.o(.text) refers to xmc_gpio.o(.text) for XMC_GPIO_SetMode
    serial.o(.text) refers to xmc_usic.o(.text) for XMC_USIC_CH_SetInterruptNodePointer
    serial.o(.text) refers to strlen.o(.text) for strlen
    serial.o(.text) refers to serial.o(.constdata) for uart_config
    serial.o(.text) refers to serial.o(.data) for data
    serial.o(.data) refers to serial.o(.bss) for serial_buffer_data
    retarget_io_1.o(.text) refers to strcmpv7m.o(.text) for strcmp
    retarget_io_1.o(.text) refers to retarget_io.o(.text) for stdout_putchar
    xmc4_gpio.o(.text) refers to main.o(.text) for XMC_AssertHandler
    xmc4_gpio.o(.text) refers to xmc4_gpio.o(.conststring) for .conststring
    xmc4_scu.o(.text) refers to system_xmc4800.o(.text) for SystemCoreClockUpdate
    xmc4_scu.o(.text) refers to main.o(.text) for XMC_AssertHandler
    xmc4_scu.o(.text) refers to system_xmc4800.o(.ARM.__AT_0x2003FFC0) for SystemCoreClock
    xmc4_scu.o(.text) refers to xmc4_scu.o(.conststring) for .conststring
    xmc4_scu.o(.text) refers to xmc4_scu.o(.bss) for event_handler_list
    xmc_common.o(.text) refers to main.o(.text) for XMC_AssertHandler
    xmc_common.o(.text) refers to xmc_common.o(.conststring) for .conststring
    xmc_gpio.o(.text) refers to main.o(.text) for XMC_AssertHandler
    xmc_gpio.o(.text) refers to xmc_gpio.o(.conststring) for .conststring
    xmc_uart.o(.text) refers to xmc_usic.o(.text) for XMC_USIC_CH_Enable
    xmc_uart.o(.text) refers to xmc4_scu.o(.text) for XMC_SCU_CLOCK_GetPeripheralClockFrequency
    xmc_usic.o(.text) refers to xmc4_scu.o(.text) for XMC_SCU_CLOCK_UngatePeripheralClock
    xmc_usic.o(.text) refers to main.o(.text) for XMC_AssertHandler
    xmc_usic.o(.text) refers to xmc_usic.o(.conststring) for .conststring
    startup_xmc4800.o(STACK) refers (Special) to heapauxi.o(.text) for __use_two_region_memory
    startup_xmc4800.o(HEAP) refers (Special) to heapauxi.o(.text) for __use_two_region_memory
    startup_xmc4800.o(RESET) refers (Special) to heapauxi.o(.text) for __use_two_region_memory
    startup_xmc4800.o(RESET) refers to startup_xmc4800.o(STACK) for __initial_sp
    startup_xmc4800.o(RESET) refers to startup_xmc4800.o(.text) for Reset_Handler
    startup_xmc4800.o(RESET) refers to serial.o(.text) for USIC0_0_IRQHandler
    startup_xmc4800.o(.text) refers (Special) to heapauxi.o(.text) for __use_two_region_memory
    startup_xmc4800.o(.text) refers to startup_xmc4800.o(STACK) for __initial_sp
    startup_xmc4800.o(.text) refers to system_xmc4800.o(.text) for SystemInit
    startup_xmc4800.o(.text) refers to __main.o(!!!main) for __main
    startup_xmc4800.o(.text) refers to startup_xmc4800.o(HEAP) for Heap_Mem
    system_xmc4800.o(.text) refers to rt_memcpy_v6.o(.text) for __aeabi_memcpy
    system_xmc4800.o(.text) refers to system_xmc4800.o(.ARM.__AT_0x2003FFC0) for SystemCoreClock
    system_xmc4800.o(.text) refers to startup_xmc4800.o(RESET) for __Vectors
    system_xmc4800.o(.text) refers to system_xmc4800.o(.ARM.__AT_0x2003FFC4) for g_chipid
    __2printf.o(.text) refers to _printf_char_file.o(.text) for _printf_char_file
    __2printf.o(.text) refers to stdio_streams.o(.bss) for __stdout
    noretval__2printf.o(.text) refers to _printf_char_file.o(.text) for _printf_char_file
    noretval__2printf.o(.text) refers to stdio_streams.o(.bss) for __stdout
    __printf.o(.text) refers to _printf_percent.o(.ARM.Collect$$_printf_percent$$00000000) for _printf_percent
    _printf_str.o(.text) refers (Special) to _printf_char.o(.text) for _printf_cs_common
    _printf_dec.o(.text) refers to _printf_intcommon.o(.text) for _printf_int_common
    __printf_flags.o(.text) refers to _printf_percent.o(.ARM.Collect$$_printf_percent$$00000000) for _printf_percent
    __printf_flags.o(.text) refers to __printf_flags.o(.constdata) for .constdata
    __printf_ss.o(.text) refers to _printf_percent.o(.ARM.Collect$$_printf_percent$$00000000) for _printf_percent
[...]
    ../clib/printf_percent.s                 0x00000000   Number         0  _printf_percent_end.o ABSOLUTE
    ../clib/printf_percent.s                 0x00000000   Number         0  _printf_s.o ABSOLUTE
    ../clib/signal.c                         0x00000000   Number         0  defsig_rtred_formal.o ABSOLUTE
    ../clib/signal.c                         0x00000000   Number         0  defsig_fpe_inner.o ABSOLUTE
    ../clib/signal.c                         0x00000000   Number         0  defsig_rtmem_inner.o ABSOLUTE
    ../clib/signal.c                         0x00000000   Number         0  defsig_exit.o ABSOLUTE
    ../clib/signal.c                         0x00000000   Number         0  defsig_other.o ABSOLUTE
    ../clib/signal.c                         0x00000000   Number         0  __raise.o ABSOLUTE
    ../clib/signal.c                         0x00000000   Number         0  defsig_general.o ABSOLUTE
    ../clib/signal.c                         0x00000000   Number         0  defsig_segv_inner.o ABSOLUTE
    ../clib/signal.c                         0x00000000   Number         0  defsig_rtmem_formal.o ABSOLUTE
    ../clib/signal.c                         0x00000000   Number         0  defsig_cppl_inner.o ABSOLUTE
    ../clib/signal.c                         0x00000000   Number         0  defsig_rtmem_outer.o ABSOLUTE
    ../clib/signal.c                         0x00000000   Number         0  defsig_pvfn_inner.o ABSOLUTE
    ../clib/signal.c                         0x00000000   Number         0  defsig_rtred_outer.o ABSOLUTE
    ../clib/signal.c                         0x00000000   Number         0  defsig_stak_inner.o ABSOLUTE
    ../clib/signal.c                         0x00000000   Number         0  defsig_abrt_inner.o ABSOLUTE
    ../clib/signal.c                         0x00000000   Number         0  defsig_rtred_inner.o ABSOLUTE
    ../clib/signal.s                         0x00000000   Number         0  defsig.o ABSOLUTE
    ../clib/stdio.c                          0x00000000   Number         0  fflush.o ABSOLUTE
    ../clib/stdio.c                          0x00000000   Number         0  setvbuf.o ABSOLUTE
    ../clib/stdio.c                          0x00000000   Number         0  streamlock.o ABSOLUTE
    ../clib/stdio.c                          0x00000000   Number         0  fopen.o ABSOLUTE
    ../clib/stdio.c                          0x00000000   Number         0  fwritefast_locked.o ABSOLUTE
    ../clib/stdio.c                          0x00000000   Number         0  fopen_locked.o ABSOLUTE
    ../clib/stdio.c                          0x00000000   Number         0  setvbuf_locked.o ABSOLUTE
    ../clib/stdio.c                          0x00000000   Number         0  fwritefast.o ABSOLUTE
    ../clib/stdio.c                          0x00000000   Number         0  stdio.o ABSOLUTE
    ../clib/stdio.c                          0x00000000   Number         0  fseek.o ABSOLUTE
    ../clib/stdio.c                          0x00000000   Number         0  fclose.o ABSOLUTE
    ../clib/stdio.c                          0x00000000   Number         0  flsbuf.o ABSOLUTE
    ../clib/stdio.c                          0x00000000   Number         0  stdio_streams.o ABSOLUTE
    ../clib/stdio.c                          0x00000000   Number         0  fputs.o ABSOLUTE
    ../clib/stdio.c                          0x00000000   Number         0  ftell.o ABSOLUTE
    ../clib/stdio.c                          0x00000000   Number         0  fputs_locked.o ABSOLUTE
    ../clib/stdio.c                          0x00000000   Number         0  fflush_locked.o ABSOLUTE
    ../clib/stdio.c                          0x00000000   Number         0  initio_locked.o ABSOLUTE
    ../clib/stdio.c                          0x00000000   Number         0  ferror.o ABSOLUTE
    ../clib/stdio.c                          0x00000000   Number         0  fputc.o ABSOLUTE
    ../clib/stdio.c                          0x00000000   Number         0  initio.o ABSOLUTE
    ../clib/stdio.c                          0x00000000   Number         0  fputc_locked.o ABSOLUTE
    ../clib/stdio.c                          0x00000000   Number         0  ferror_locked.o ABSOLUTE
    ../clib/stdlib.c                         0x00000000   Number         0  exit.o ABSOLUTE
    ../clib/string.c                         0x00000000   Number         0  strlen.o ABSOLUTE
    ../clib/wchar.c                          0x00000000   Number         0  flsbuf_fwide.o ABSOLUTE
    ../fplib/fpinit.s                        0x00000000   Number         0  fpinit.o ABSOLUTE
    ..\\main.c                               0x00000000   Number         0  main.o ABSOLUTE
    ..\\retarget_io.c                        0x00000000   Number         0  retarget_io.o ABSOLUTE
    ..\\ring_buffer.c                        0x00000000   Number         0  ring_buffer.o ABSOLUTE
    ..\\serial.c                             0x00000000   Number         0  serial.o ABSOLUTE
    ..\main.c                                0x00000000   Number         0  main.o ABSOLUTE
    ..\retarget_io.c                         0x00000000   Number         0  retarget_io.o ABSOLUTE
    ..\ring_buffer.c                         0x00000000   Number         0  ring_buffer.o ABSOLUTE
    ..\serial.c                              0x00000000   Number         0  serial.o ABSOLUTE
    C:\Users\KumariAnkita\AppData\Local\Arm\Packs\Infineon\XMC4000_DFP\2.13.0\Device\XMClib\src\xmc4_gpio.c 0x00000000   Number         0  xmc4_gpio.o ABSOLUTE
    C:\Users\KumariAnkita\AppData\Local\Arm\Packs\Infineon\XMC4000_DFP\2.13.0\Device\XMClib\src\xmc4_scu.c 0x00000000   Number         0  xmc4_scu.o ABSOLUTE
    C:\Users\KumariAnkita\AppData\Local\Arm\Packs\Infineon\XMC4000_DFP\2.13.0\Device\XMClib\src\xmc_common.c 0x00000000   Number         0  xmc_common.o ABSOLUTE
    C:\Users\KumariAnkita\AppData\Local\Arm\Packs\Infineon\XMC4000_DFP\2.13.0\Device\XMClib\src\xmc_gpio.c 0x00000000   Number         0  xmc_gpio.o ABSOLUTE
    C:\Users\KumariAnkita\AppData\Local\Arm\Packs\Infineon\XMC4000_DFP\2.13.0\Device\XMClib\src\xmc_uart.c 0x00000000   Number         0  xmc_uart.o ABSOLUTE
    C:\Users\KumariAnkita\AppData\Local\Arm\Packs\Infineon\XMC4000_DFP\2.13.0\Device\XMClib\src\xmc_usic.c 0x00000000   Number         0  xmc_usic.o ABSOLUTE
    C:\Users\KumariAnkita\AppData\Local\Arm\Packs\Keil\ARM_Compiler\1.6.3\Source\retarget_io.c 0x00000000   Number         0  retarget_io_1.o ABSOLUTE
    C:\\Users\\KumariAnkita\\AppData\\Local\\Arm\\Packs\\Infineon\\XMC4000_DFP\\2.13.0\\Device\\XMClib\\src\\xmc4_gpio.c 0x00000000   Number         0  xmc4_gpio.o ABSOLUTE
    C:\\Users\\KumariAnkita\\AppData\\Local\\Arm\\Packs\\Infineon\\XMC4000_DFP\\2.13.0\\Device\\XMClib\\src\\xmc4_scu.c 0x00000000   Number         0  xmc4_scu.o ABSOLUTE
    C:\\Users\\KumariAnkita\\AppData\\Local\\Arm\\Packs\\Infineon\\XMC4000_DFP\\2.13.0\\Device\\XMClib\\src\\xmc_common.c 0x00000000   Number         0  xmc_common.o ABSOLUTE
    C:\\Users\\KumariAnkita\\AppData\\Local\\Arm\\Packs\\Infineon\\XMC4000_DFP\\2.13.0\\Device\\XMClib\\src\\xmc_gpio.c 0x00000000   Number         0  xmc_gpio.o ABSOLUTE
    C:\\Users\\KumariAnkita\\AppData\\Local\\Arm\\Packs\\Infineon\\XMC4000_DFP\\2.13.0\\Device\\XMClib\\src\\xmc_uart.c 0x00000000   Number         0  xmc_uart.o ABSOLUTE
    C:\\Users\\KumariAnkita\\AppData\\Local\\Arm\\Packs\\Infineon\\XMC4000_DFP\\2.13.0\\Device\\XMClib\\src\\xmc_usic.c 0x00000000   Number         0  xmc_usic.o ABSOLUTE
    RTE\Device\XMC4800-F144x2048\startup_XMC4800.s 0x00000000   Number         0  startup_xmc4800.o ABSOLUTE
    RTE\Device\XMC4800-F144x2048\system_XMC4800.c 0x00000000   Number         0  system_xmc4800.o ABSOLUTE
    RTE\\Device\\XMC4800-F144x2048\\system_XMC4800.c 0x00000000   Number         0  system_xmc4800.o ABSOLUTE
    dc.s                                     0x00000000   Number         0  dc.o ABSOLUTE
    RESET                                    0x08000000   Section      512  startup_xmc4800.o(RESET)
    !!!main                                  0x08000200   Section        8  __main.o(!!!main)
    !!!scatter                               0x08000208   Section       52  __scatter.o(!!!scatter)
    !!handler_copy                           0x0800023c   Section       26  __scatter_copy.o(!!handler_copy)
    !!handler_zi                             0x08000258   Section       28  __scatter_zi.o(!!handler_zi)
    .ARM.Collect$$_printf_percent$$00000000  0x08000274   Section        0  _printf_percent.o(.ARM.Collect$$_printf_percent$$00000000)
    .ARM.Collect$$_printf_percent$$0000000A  0x08000274   Section        6  _printf_u.o(.ARM.Collect$$_printf_percent$$0000000A)
    .ARM.Collect$$_printf_percent$$00000014  0x0800027a   Section        6  _printf_s.o(.ARM.Collect$$_printf_percent$$00000014)
    .ARM.Collect$$_printf_percent$$00000017  0x08000280   Section        4  _printf_percent_end.o(.ARM.Collect$$_printf_percent$$00000017)
    .ARM.Collect$$libinit$$00000000          0x08000284   Section        2  libinit.o(.ARM.Collect$$libinit$$00000000)
    .ARM.Collect$$libinit$$00000001          0x08000286   Section        4  libinit2.o(.ARM.Collect$$libinit$$00000001)
    .ARM.Collect$$libinit$$00000004          0x0800028a   Section        0  libinit2.o(.ARM.Collect$$libinit$$00000004)
    .ARM.Collect$$libinit$$00000005          0x0800028a   Section        8  libinit2.o(.ARM.Collect$$libinit$$00000005)
    .ARM.Collect$$libinit$$0000000A          0x08000292   Section        0  libinit2.o(.ARM.Collect$$libinit$$0000000A)
    .ARM.Collect$$libinit$$0000000C          0x08000292   Section        0  libinit2.o(.ARM.Collect$$libinit$$0000000C)
    .ARM.Collect$$libinit$$0000000E          0x08000292   Section        0  libinit2.o(.ARM.Collect$$libinit$$0000000E)
    .ARM.Collect$$libinit$$00000011          0x08000292   Section        0  libinit2.o(.ARM.Collect$$libinit$$00000011)
    .ARM.Collect$$libinit$$00000013          0x08000292   Section        0  libinit2.o(.ARM.Collect$$libinit$$00000013)
    .ARM.Collect$$libinit$$00000015          0x08000292   Section        0  libinit2.o(.ARM.Collect$$libinit$$00000015)
    .ARM.Collect$$libinit$$00000017          0x08000292   Section        0  libinit2.o(.ARM.Collect$$libinit$$00000017)
    .ARM.Collect$$libinit$$00000019          0x08000292   Section        0  libinit2.o(.ARM.Collect$$libinit$$00000019)
    .ARM.Collect$$libinit$$0000001B          0x08000292   Section        0  libinit2.o(.ARM.Collect$$libinit$$0000001B)
    .ARM.Collect$$libinit$$0000001D          0x08000292   Section        0  libinit2.o(.ARM.Collect$$libinit$$0000001D)
    .ARM.Collect$$libinit$$0000001F          0x08000292   Section        0  libinit2.o(.ARM.Collect$$libinit$$0000001F)
    .ARM.Collect$$libinit$$00000021          0x08000292   Section        0  libinit2.o(.ARM.Collect$$libinit$$00000021)
    .ARM.Collect$$libinit$$00000023          0x08000292   Section        0  libinit2.o(.ARM.Collect$$libinit$$00000023)
    .ARM.Collect$$libinit$$00000024          0x08000292   Section        4  libinit2.o(.ARM.Collect$$libinit$$00000024)
    .ARM.Collect$$libinit$$00000025          0x08000296   Section        0  libinit2.o(.ARM.Collect$$libinit$$00000025)
    .ARM.Collect$$libinit$$0000002C          0x08000296   Section        0  libinit2.o(.ARM.Collect$$libinit$$0000002C)
    .ARM.Collect$$libinit$$0000002E          0x08000296   Section        0  libinit2.o(.ARM.Collect$$libinit$$0000002E)
    .ARM.Collect$$libinit$$00000030          0x08000296   Section        0  libinit2.o(.ARM.Collect$$libinit$$00000030)
    .ARM.Collect$$libinit$$00000032          0x08000296   Section        0  libinit2.o(.ARM.Collect$$libinit$$00000032)
    .ARM.Collect$$libinit$$00000033          0x08000296   Section        2  libinit2.o(.ARM.Collect$$libinit$$00000033)
    .ARM.Collect$$libshutdown$$00000000      0x08000298   Section        2  libshutdown.o(.ARM.Collect$$libshutdown$$00000000)
    .ARM.Collect$$libshutdown$$00000002      0x0800029a   Section        0  libshutdown2.o(.ARM.Collect$$libshutdown$$00000002)
    .ARM.Collect$$libshutdown$$00000003      0x0800029a   Section        4  libshutdown2.o(.ARM.Collect$$libshutdown$$00000003)
    .ARM.Collect$$libshutdown$$00000004      0x0800029e   Section        0  libshutdown2.o(.ARM.Collect$$libshutdown$$00000004)
    .ARM.Collect$$libshutdown$$00000007      0x0800029e   Section        0  libshutdown2.o(.ARM.Collect$$libshutdown$$00000007)
    .ARM.Collect$$libshutdown$$0000000A      0x0800029e   Section        0  libshutdown2.o(.ARM.Collect$$libshutdown$$0000000A)
    .ARM.Collect$$libshutdown$$0000000C      0x0800029e   Section        0  libshutdown2.o(.ARM.Collect$$libshutdown$$0000000C)
    .ARM.Collect$$libshutdown$$0000000F      0x0800029e   Section        0  libshutdown2.o(.ARM.Collect$$libshutdown$$0000000F)
    .ARM.Collect$$libshutdown$$00000010      0x0800029e   Section        2  libshutdown2.o(.ARM.Collect$$libshutdown$$00000010)
    .ARM.Collect$$rtentry$$00000000          0x080002a0   Section        0  __rtentry.o(.ARM.Collect$$rtentry$$00000000)
    .ARM.Collect$$rtentry$$00000002          0x080002a0   Section        0  __rtentry2.o(.ARM.Collect$$rtentry$$00000002)
    .ARM.Collect$$rtentry$$00000004          0x080002a0   Section        6  __rtentry4.o(.ARM.Collect$$rtentry$$00000004)
    .ARM.Collect$$rtentry$$00000009          0x080002a6   Section        0  __rtentry2.o(.ARM.Collect$$rtentry$$00000009)
    .ARM.Collect$$rtentry$$0000000A          0x080002a6   Section        4  __rtentry2.o(.ARM.Collect$$rtentry$$0000000A)
    .ARM.Collect$$rtentry$$0000000C          0x080002aa   Section        0  __rtentry2.o(.ARM.Collect$$rtentry$$0000000C)
    .ARM.Collect$$rtentry$$0000000D          0x080002aa   Section        8  __rtentry2.o(.ARM.Collect$$rtentry$$0000000D)
    .ARM.Collect$$rtexit$$00000000           0x080002b2   Section        2  rtexit.o(.ARM.Collect$$rtexit$$00000000)
    .ARM.Collect$$rtexit$$00000002           0x080002b4   Section        0  rtexit2.o(.ARM.Collect$$rtexit$$00000002)
    .ARM.Collect$$rtexit$$00000003           0x080002b4   Section        4  rtexit2.o(.ARM.Collect$$rtexit$$00000003)
    .ARM.Collect$$rtexit$$00000004           0x080002b8   Section        6  rtexit2.o(.ARM.Collect$$rtexit$$00000004)
    .emb_text                                0x080002c0   Section        0  maybetermalloc1.o(.emb_text)
    .text                                    0x080002c0   Section        0  main.o(.text)
    .text                                    0x080002f8   Section        0  retarget_io.o(.text)
    .text                                    0x08000328   Section        0  ring_buffer.o(.text)
    .text                                    0x080003ac   Section        0  serial.o(.text)
    .text                                    0x0800059c   Section        0  retarget_io_1.o(.text)
    .text                                    0x08000714   Section        0  xmc4_scu.o(.text)
    XMC_SCU_lDelay                           0x08000715   Thumb Code    34  xmc4_scu.o(.text)
    XMC_SCU_CLOCK_GetSystemClockFrequency    0x08001a01   Thumb Code    16  xmc4_scu.o(.text)
    .text                                    0x08001a1c   Section        0  xmc_gpio.o(.text)
    XMC_GPIO_IsModeValid                     0x08001b4f   Thumb Code    80  xmc_gpio.o(.text)
    .text                                    0x08001c6c   Section        0  xmc_uart.o(.text)
    .text                                    0x08001e04   Section        0  xmc_usic.o(.text)
    .text                                    0x080024d8   Section       56  startup_xmc4800.o(.text)
    $v0                                      0x080024d8   Number         0  startup_xmc4800.o(.text)
    .text                                    0x08002510   Section        0  system_xmc4800.o(.text)
    delay                                    0x08002511   Thumb Code    24  system_xmc4800.o(.text)
    .text                                    0x0800293c   Section        0  noretval__2printf.o(.text)
    .text                                    0x08002954   Section        0  __printf.o(.text)
    .text                                    0x080029bc   Section        0  _printf_str.o(.text)
    .text                                    0x08002a10   Section        0  _printf_dec.o(.text)
    .text                                    0x08002a88   Section        0  strlen.o(.text)
    .text                                    0x08002ac6   Section      138  rt_memcpy_v6.o(.text)
    .text                                    0x08002b50   Section      128  strcmpv7m.o(.text)
    .text                                    0x08002bd0   Section        0  heapauxi.o(.text)
    .text                                    0x08002bd6   Section        0  _printf_intcommon.o(.text)
    .text                                    0x08002c88   Section        0  _printf_char.o(.text)
    .text                                    0x08002cb4   Section        0  _printf_char_file.o(.text)
    .text                                    0x08002cd8   Section      100  rt_memcpy_w.o(.text)
    .text                                    0x08002d3c   Section        0  _printf_char_common.o(.text)
    _printf_input_char                       0x08002d3d   Thumb Code    10  _printf_char_common.o(.text)
    .text                                    0x08002d6c   Section        0  ferror.o(.text)
    .text                                    0x08002d74   Section        0  initio.o(.text)
    .text                                    0x08002eac   Section       74  sys_stackheap_outer.o(.text)
    .text                                    0x08002ef6   Section        0  h1_free.o(.text)
    .text                                    0x08002f44   Section        0  flsbuf.o(.text)
    .text                                    0x0800311a   Section        0  setvbuf.o(.text)
    .text                                    0x08003160   Section        0  fopen.o(.text)
    _freopen_locked                          0x08003161   Thumb Code     0  fopen.o(.text)
    .text                                    0x0800324c   Section        0  fclose.o(.text)
    .text                                    0x08003298   Section        0  exit.o(.text)
    .text                                    0x080032aa   Section        0  defsig_rtred_outer.o(.text)
    .text                                    0x080032b8   Section       78  rt_memclr_w.o(.text)
    .text                                    0x08003308   Section        8  libspace.o(.text)
    .text                                    0x08003310   Section        8  rt_heap_descriptor_intlibspace.o(.text)
    .text                                    0x08003318   Section        0  hguard.o(.text)
    .text                                    0x0800331c   Section        0  init_alloc.o(.text)
    .text                                    0x080033a6   Section        0  h1_alloc.o(.text)
    .text                                    0x08003404   Section        0  fseek.o(.text)
    .text                                    0x080034fc   Section        0  stdio.o(.text)
    .text                                    0x080035ec   Section        0  defsig_exit.o(.text)
    .text                                    0x080035f8   Section        0  defsig_rtred_inner.o(.text)
    .text                                    0x0800362c   Section        0  sys_exit.o(.text)
    .text                                    0x08003638   Section        0  h1_init.o(.text)
    .text                                    0x08003646   Section        0  h1_extend.o(.text)
    .text                                    0x0800367a   Section        0  ftell.o(.text)
    .text                                    0x080036bc   Section        0  defsig_general.o(.text)
    .text                                    0x080036ee   Section        0  defsig_rtmem_outer.o(.text)
    .text                                    0x080036fc   Section        0  sys_wrch.o(.text)
    .text                                    0x0800370a   Section        2  use_no_semi.o(.text)
    .text                                    0x0800370c   Section        0  indicate_semi.o(.text)
    .text                                    0x0800370c   Section        8  rt_errno_addr_intlibspace.o(.text)
    .text                                    0x08003714   Section        0  defsig_rtmem_inner.o(.text)
    i.fputc                                  0x08003764   Section        0  fputc.o(i.fputc)
    x$fpl$fpinit                             0x0800377e   Section       10  fpinit.o(x$fpl$fpinit)
    $v0                                      0x0800377e   Number         0  fpinit.o(x$fpl$fpinit)
    .constdata                               0x08003788   Section       12  serial.o(.constdata)
    .constdata                               0x08003794   Section       23  retarget_io_1.o(.constdata)
    .conststring                             0x080037ac   Section      242  xmc4_scu.o(.conststring)
    .conststring                             0x080038a0   Section      103  xmc_gpio.o(.conststring)
    .conststring                             0x08003908   Section      241  xmc_usic.o(.conststring)
    .data                                    0x20000000   Section       64  serial.o(.data)
    string_to_send                           0x20000000   Data          34  serial.o(.data)
    data                                     0x20000034   Data           2  serial.o(.data)
    input                                    0x20000036   Data           4  serial.o(.data)
    i                                        0x2000003c   Data           4  serial.o(.data)
    .data                                    0x20000040   Section        4  stdio_streams.o(.data)
    .data                                    0x20000044   Section        4  stdio_streams.o(.data)
    .data                                    0x20000048   Section        4  stdio_streams.o(.data)
    .bss                                     0x2000004c   Section      128  serial.o(.bss)
    .bss                                     0x200000cc   Section      128  xmc4_scu.o(.bss)
    .bss                                     0x2000014c   Section       84  stdio_streams.o(.bss)
    .bss                                     0x200001a0   Section       84  stdio_streams.o(.bss)
    .bss                                     0x200001f4   Section       84  stdio_streams.o(.bss)
    .bss                                     0x20000248   Section       96  libspace.o(.bss)
    HEAP                                     0x200002a8   Section      512  startup_xmc4800.o(HEAP)
    Heap_Mem                                 0x200002a8   Data         512  startup_xmc4800.o(HEAP)
    STACK                                    0x200004a8   Section     2048  startup_xmc4800.o(STACK)
    Stack_Mem                                0x200004a8   Data        2048  startup_xmc4800.o(STACK)
    __initial_sp                             0x20000ca8   Data           0  startup_xmc4800.o(STACK)
    .ARM.__AT_0x2003FFC0                     0x2003ffc0   Section        4  system_xmc4800.o(.ARM.__AT_0x2003FFC0)
    .ARM.__AT_0x2003FFC4                     0x2003ffc4   Section       16  system_xmc4800.o(.ARM.__AT_0x2003FFC4)

    Global Symbols

    Symbol Name                              Value     Ov Type        Size  Object(Section)

    BuildAttributes$$THM_ISAv4$E$P$D$K$B$S$7EM$VFPi3$EXTD16$VFPS$VFMA$PE$A:L22UL41UL21$X:L11$S22US41US21$IEEE1$IW$USESV6$~STKCKD$USESV7$~SHL$OTIME$ROPI$EBA8$UX$STANDARDLIB$REQ8$PRES8$EABIv2 0x00000000   Number         0  anon$$obj.o ABSOLUTE
    __ARM_use_no_argv                        0x00000000   Number         0  main.o ABSOLUTE
    __ARM_exceptions_init                     - Undefined Weak Reference
    __alloca_initialize                       - Undefined Weak Reference
    __arm_preinit_                            - Undefined Weak Reference
    __cpp_initialize__aeabi_                  - Undefined Weak Reference
    __cxa_finalize                            - Undefined Weak Reference
    __rt_locale                               - Undefined Weak Reference
    __sigvec_lookup                           - Undefined Weak Reference
    __user_heap_extent                        - Undefined Weak Reference
    _atexit_init                              - Undefined Weak Reference
    _call_atexit_fns                          - Undefined Weak Reference
    _clock_init                               - Undefined Weak Reference
    _fp_trap_init                             - Undefined Weak Reference
    _fp_trap_shutdown                         - Undefined Weak Reference
    _get_lc_collate                           - Undefined Weak Reference
    _get_lc_ctype                             - Undefined Weak Reference
    _get_lc_monetary                          - Undefined Weak Reference
    _get_lc_numeric                           - Undefined Weak Reference
    _get_lc_time                              - Undefined Weak Reference
    _getenv_init                              - Undefined Weak Reference
    _handle_redirection                       - Undefined Weak Reference
    _mutex_acquire                            - Undefined Weak Reference
    _mutex_free                               - Undefined Weak Reference
    _mutex_release                            - Undefined Weak Reference
    _printf_mbtowc                            - Undefined Weak Reference
    _printf_post_padding                      - Undefined Weak Reference
    _printf_pre_padding                       - Undefined Weak Reference
    _printf_truncate_signed                   - Undefined Weak Reference
    _printf_truncate_unsigned                 - Undefined Weak Reference
    _rand_init                                - Undefined Weak Reference
    _signal_finish                            - Undefined Weak Reference
    _signal_init                              - Undefined Weak Reference
    __Vectors_Size                           0x00000200   Number         0  startup_xmc4800.o ABSOLUTE
    __Vectors                                0x08000000   Data           4  startup_xmc4800.o(RESET)
    __Vectors_End                            0x08000200   Data           0  startup_xmc4800.o(RESET)
    __main                                   0x08000201   Thumb Code     8  __main.o(!!!main)
    __scatterload                            0x08000209   Thumb Code     0  __scatter.o(!!!scatter)
    __scatterload_rt2                        0x08000209   Thumb Code    44  __scatter.o(!!!scatter)
    __scatterload_rt2_thumb_only             0x08000209   Thumb Code     0  __scatter.o(!!!scatter)
    __scatterload_null                       0x08000217   Thumb Code     0  __scatter.o(!!!scatter)
    __scatterload_copy                       0x0800023d   Thumb Code    26  __scatter_copy.o(!!handler_copy)
    __scatterload_zeroinit                   0x08000259   Thumb Code    28  __scatter_zi.o(!!handler_zi)
    _printf_percent                          0x08000275   Thumb Code     0  _printf_percent.o(.ARM.Collect$$_printf_percent$$00000000)
    _printf_u                                0x08000275   Thumb Code     0  _printf_u.o(.ARM.Collect$$_printf_percent$$0000000A)
    _printf_s                                0x0800027b   Thumb Code     0  _printf_s.o(.ARM.Collect$$_printf_percent$$00000014)
    _printf_percent_end                      0x08000281   Thumb Code     0  _printf_percent_end.o(.ARM.Collect$$_printf_percent$$00000017)
    __rt_lib_init                            0x08000285   Thumb Code     0  libinit.o(.ARM.Collect$$libinit$$00000000)
    __rt_lib_init_fp_1                       0x08000287   Thumb Code     0  libinit2.o(.ARM.Collect$$libinit$$00000001)
    __rt_lib_init_heap_2                     0x0800028b   Thumb Code     0  libinit2.o(.ARM.Collect$$libinit$$00000005)
    __rt_lib_init_preinit_1                  0x0800028b   Thumb Code     0  libinit2.o(.ARM.Collect$$libinit$$00000004)
    __rt_lib_init_atexit_1                   0x08000293   Thumb Code     0  libinit2.o(.ARM.Collect$$libinit$$0000001B)
    __rt_lib_init_clock_1                    0x08000293   Thumb Code     0  libinit2.o(.ARM.Collect$$libinit$$00000021)
    __rt_lib_init_fp_trap_1                  0x08000293   Thumb Code     0  libinit2.o(.ARM.Collect$$libinit$$0000001F)
    __rt_lib_init_getenv_1                   0x08000293   Thumb Code     0  libinit2.o(.ARM.Collect$$libinit$$00000023)
    __rt_lib_init_heap_1                     0x08000293   Thumb Code     0  libinit2.o(.ARM.Collect$$libinit$$0000000A)
    __rt_lib_init_lc_collate_1               0x08000293   Thumb Code     0  libinit2.o(.ARM.Collect$$libinit$$00000011)
    __rt_lib_init_lc_ctype_1                 0x08000293   Thumb Code     0  libinit2.o(.ARM.Collect$$libinit$$00000013)
    __rt_lib_init_lc_monetary_1              0x08000293   Thumb Code     0  libinit2.o(.ARM.Collect$$libinit$$00000015)
    __rt_lib_init_lc_numeric_1               0x08000293   Thumb Code     0  libinit2.o(.ARM.Collect$$libinit$$00000017)
    __rt_lib_init_lc_time_1                  0x08000293   Thumb Code     0  libinit2.o(.ARM.Collect$$libinit$$00000019)
    __rt_lib_init_rand_1                     0x08000293   Thumb Code     0  libinit2.o(.ARM.Collect$$libinit$$0000000E)
    __rt_lib_init_signal_1                   0x08000293   Thumb Code     0  libinit2.o(.ARM.Collect$$libinit$$0000001D)
    __rt_lib_init_stdio_2                    0x08000293   Thumb Code     0  libinit2.o(.ARM.Collect$$libinit$$00000024)
    __rt_lib_init_user_alloc_1               0x08000293   Thumb Code     0  libinit2.o(.ARM.Collect$$libinit$$0000000C)
    __rt_lib_init_alloca_1                   0x08000297   Thumb Code     0  libinit2.o(.ARM.Collect$$libinit$$0000002E)
    __rt_lib_init_argv_1                     0x08000297   Thumb Code     0  libinit2.o(.ARM.Collect$$libinit$$0000002C)
    __rt_lib_init_cpp_1                      0x08000297   Thumb Code     0  libinit2.o(.ARM.Collect$$libinit$$00000032)
    __rt_lib_init_exceptions_1               0x08000297   Thumb Code     0  libinit2.o(.ARM.Collect$$libinit$$00000030)
    __rt_lib_init_return                     0x08000297   Thumb Code     0  libinit2.o(.ARM.Collect$$libinit$$00000033)
    __rt_lib_init_stdio_1                    0x08000297   Thumb Code     0  libinit2.o(.ARM.Collect$$libinit$$00000025)
    __rt_lib_shutdown                        0x08000299   Thumb Code     0  libshutdown.o(.ARM.Collect$$libshutdown$$00000000)
    __rt_lib_shutdown_cpp_1                  0x0800029b   Thumb Code     0  libshutdown2.o(.ARM.Collect$$libshutdown$$00000002)
    __rt_lib_shutdown_stdio_2                0x0800029b   Thumb Code     0  libshutdown2.o(.ARM.Collect$$libshutdown$$00000003)
    __rt_lib_shutdown_fp_trap_1              0x0800029f   Thumb Code     0  libshutdown2.o(.ARM.Collect$$libshutdown$$00000007)
    __rt_lib_shutdown_heap_1                 0x0800029f   Thumb Code     0  libshutdown2.o(.ARM.Collect$$libshutdown$$0000000F)
    __rt_lib_shutdown_return                 0x0800029f   Thumb Code     0  libshutdown2.o(.ARM.Collect$$libshutdown$$00000010)
    __rt_lib_shutdown_signal_1               0x0800029f   Thumb Code     0  libshutdown2.o(.ARM.Collect$$libshutdown$$0000000A)
    __rt_lib_shutdown_stdio_1                0x0800029f   Thumb Code     0  libshutdown2.o(.ARM.Collect$$libshutdown$$00000004)
    __rt_lib_shutdown_user_alloc_1           0x0800029f   Thumb Code     0  libshutdown2.o(.ARM.Collect$$libshutdown$$0000000C)
    __rt_entry                               0x080002a1   Thumb Code     0  __rtentry.o(.ARM.Collect$$rtentry$$00000000)
    __rt_entry_presh_1                       0x080002a1   Thumb Code     0  __rtentry2.o(.ARM.Collect$$rtentry$$00000002)
    __rt_entry_sh                            0x080002a1   Thumb Code     0  __rtentry4.o(.ARM.Collect$$rtentry$$00000004)
    __rt_entry_li                            0x080002a7   Thumb Code     0  __rtentry2.o(.ARM.Collect$$rtentry$$0000000A)
    __rt_entry_postsh_1                      0x080002a7   Thumb Code     0  __rtentry2.o(.ARM.Collect$$rtentry$$00000009)
    __rt_entry_main                          0x080002ab   Thumb Code     0  __rtentry2.o(.ARM.Collect$$rtentry$$0000000D)
    __rt_entry_postli_1                      0x080002ab   Thumb Code     0  __rtentry2.o(.ARM.Collect$$rtentry$$0000000C)
    __rt_exit                                0x080002b3   Thumb Code     0  rtexit.o(.ARM.Collect$$rtexit$$00000000)
    __rt_exit_ls                             0x080002b5   Thumb Code     0  rtexit2.o(.ARM.Collect$$rtexit$$00000003)
    __rt_exit_prels_1                        0x080002b5   Thumb Code     0  rtexit2.o(.ARM.Collect$$rtexit$$00000002)
    __rt_exit_exit                           0x080002b9   Thumb Code     0  rtexit2.o(.ARM.Collect$$rtexit$$00000004)
    XMC_AssertHandler                        0x080002c1   Thumb Code    22  main.o(.text)
    _maybe_terminate_alloc                   0x080002c1   Thumb Code     0  maybetermalloc1.o(.emb_text)
    main                                     0x080002d7   Thumb Code     8  main.o(.text)
    stdin_getchar                            0x080002f9   Thumb Code    24  retarget_io.o(.text)
    stdout_putchar                           0x08000311   Thumb Code    16  retarget_io.o(.text)
    ring_buffer_init                         0x08000329   Thumb Code     8  ring_buffer.o(.text)
    ring_buffer_put                          0x08000331   Thumb Code    66  ring_buffer.o(.text)
    ring_buffer_get                          0x08000373   Thumb Code    56  ring_buffer.o(.text)
    sum                                      0x080003ad   Thumb Code    26  serial.o(.text)
    serial_init                              0x080003c7   Thumb Code   308  serial.o(.text)
    USIC0_0_IRQHandler                       0x080004fb   Thumb Code   124  serial.o(.text)
    _sys_open                                0x0800059d   Thumb Code    80  retarget_io_1.o(.text)
    _sys_close                               0x080005ed   Thumb Code    38  retarget_io_1.o(.text)
    _sys_write                               0x08000613   Thumb Code    70  retarget_io_1.o(.text)
    _sys_read                                0x08000659   Thumb Code    46  retarget_io_1.o(.text)
    _sys_istty                               0x08000687   Thumb Code    36  retarget_io_1.o(.text)
    _sys_seek                                0x080006ab   Thumb Code    44  retarget_io_1.o(.text)
    _sys_flen                                0x080006d7   Thumb Code    36  retarget_io_1.o(.text)
    XMC_SCU_INTERRUPT_EnableEvent            0x08000737   Thumb Code    12  xmc4_scu.o(.text)
    XMC_SCU_INTERRUPT_DisableEvent           0x08000743   Thumb Code    12  xmc4_scu.o(.text)
    XMC_SCU_INTERRUPT_TriggerEvent           0x0800074f   Thumb Code    16  xmc4_scu.o(.text)
    XMC_SCU_INTERUPT_GetEventStatus          0x0800075f   Thumb Code     6  xmc4_scu.o(.text)
    XMC_SCU_INTERRUPT_ClearEventStatus       0x08000765   Thumb Code     8  xmc4_scu.o(.text)
    XMC_SCU_GetBootMode                      0x0800076d   Thumb Code    10  xmc4_scu.o(.text)
    XMC_SCU_SetBootMode                      0x08000777   Thumb Code     6  xmc4_scu.o(.text)
    XMC_SCU_ReadGPR                          0x0800077d   Thumb Code    12  xmc4_scu.o(.text)
    XMC_SCU_WriteGPR                         0x08000789   Thumb Code    10  xmc4_scu.o(.text)
    XMC_SCU_EnableOutOfRangeComparator       0x08000793   Thumb Code    68  xmc4_scu.o(.text)
    XMC_SCU_DisableOutOfRangeComparator      0x080007d7   Thumb Code    68  xmc4_scu.o(.text)
    XMC_SCU_CalibrateTemperatureSensor       0x0800081b   Thumb Code    18  xmc4_scu.o(.text)
    XMC_SCU_EnableTemperatureSensor          0x0800082d   Thumb Code    18  xmc4_scu.o(.text)
    XMC_SCU_DisableTemperatureSensor         0x0800083f   Thumb Code    18  xmc4_scu.o(.text)
    XMC_SCU_IsTemperatureSensorEnabled       0x08000851   Thumb Code    16  xmc4_scu.o(.text)
    XMC_SCU_IsTemperatureSensorReady         0x08000861   Thumb Code    12  xmc4_scu.o(.text)
    XMC_SCU_IsTemperatureSensorBusy          0x0800086d   Thumb Code    12  xmc4_scu.o(.text)
    XMC_SCU_StartTemperatureMeasurement      0x08000879   Thumb Code    40  xmc4_scu.o(.text)
    XMC_SCU_GetTemperatureMeasurement        0x080008a1   Thumb Code    28  xmc4_scu.o(.text)
    XMC_SCU_WriteToRetentionMemory           0x080008bd   Thumb Code    42  xmc4_scu.o(.text)
    XMC_SCU_ReadFromRetentionMemory          0x080008e7   Thumb Code    44  xmc4_scu.o(.text)
    XMC_SCU_CLOCK_SetSystemClockSource       0x08000913   Thumb Code    16  xmc4_scu.o(.text)
    XMC_SCU_CLOCK_StepSystemPllFrequency     0x08000923   Thumb Code    30  xmc4_scu.o(.text)
    XMC_SCU_CLOCK_SetSystemPllClockSource    0x08000941   Thumb Code    42  xmc4_scu.o(.text)
    XMC_SCU_CLOCK_StartSystemPll             0x0800096b   Thumb Code   298  xmc4_scu.o(.text)
    XMC_SCU_CLOCK_EnableSystemPll            0x08000a95   Thumb Code    18  xmc4_scu.o(.text)
    XMC_SCU_CLOCK_DisableSystemPll           0x08000aa7   Thumb Code    20  xmc4_scu.o(.text)
    XMC_SCU_CLOCK_IsHighPerformanceOscillatorStable 0x08000abb   Thumb Code    24  xmc4_scu.o(.text)
    XMC_SCU_CLOCK_EnableHighPerformanceOscillator 0x08000ad3   Thumb Code   338  xmc4_scu.o(.text)
    XMC_SCU_CLOCK_SetPeripheralClockDivider  0x08000c25   Thumb Code    38  xmc4_scu.o(.text)
    XMC_SCU_CLOCK_SetCcuClockDivider         0x08000c4b   Thumb Code    42  xmc4_scu.o(.text)
    XMC_SCU_CLOCK_SetCpuClockDivider         0x08000c75   Thumb Code    42  xmc4_scu.o(.text)
    XMC_SCU_CLOCK_SetSystemClockDivider      0x08000c9f   Thumb Code    44  xmc4_scu.o(.text)
    XMC_SCU_CLOCK_SetBackupClockCalibrationMode 0x08000ccb   Thumb Code    56  xmc4_scu.o(.text)
    XMC_SCU_HIB_SetStandbyClockSource        0x08000d03   Thumb Code    34  xmc4_scu.o(.text)
    XMC_SCU_CLOCK_IsLowPowerOscillatorStable 0x08000d25   Thumb Code    14  xmc4_scu.o(.text)
    XMC_SCU_CLOCK_EnableLowPowerOscillator   0x08000d33   Thumb Code   112  xmc4_scu.o(.text)
    XMC_SCU_HIB_EnableHibernateDomain        0x08000da3   Thumb Code    72  xmc4_scu.o(.text)
    XMC_SCU_CLOCK_Init                       0x08000deb   Thumb Code   414  xmc4_scu.o(.text)
    XMC_SCU_TRAP_Enable                      0x08000f89   Thumb Code    18  xmc4_scu.o(.text)
    XMC_SCU_TRAP_Disable                     0x08000f9b   Thumb Code    18  xmc4_scu.o(.text)
    XMC_SCU_TRAP_GetStatus                   0x08000fad   Thumb Code     8  xmc4_scu.o(.text)
    XMC_SCU_TRAP_Trigger                     0x08000fb5   Thumb Code     8  xmc4_scu.o(.text)
    XMC_SCU_TRAP_ClearStatus                 0x08000fbd   Thumb Code     8  xmc4_scu.o(.text)
    XMC_SCU_PARITY_ClearStatus               0x08000fc5   Thumb Code    18  xmc4_scu.o(.text)
    XMC_SCU_PARITY_GetStatus                 0x08000fd7   Thumb Code     8  xmc4_scu.o(.text)
    XMC_SCU_PARITY_Enable                    0x08000fdf   Thumb Code   234  xmc4_scu.o(.text)
    XMC_SCU_PARITY_Disable                   0x080010c9   Thumb Code    14  xmc4_scu.o(.text)
    XMC_SCU_PARITY_EnableTrapGeneration      0x080010d7   Thumb Code    16  xmc4_scu.o(.text)
    XMC_SCU_PARITY_DisableTrapGeneration     0x080010e7   Thumb Code    16  xmc4_scu.o(.text)
    XMC_SCU_INTERRUPT_EnableNmiRequest       0x080010f7   Thumb Code    16  xmc4_scu.o(.text)
    XMC_SCU_INTERRUPT_DisableNmiRequest      0x08001107   Thumb Code    16  xmc4_scu.o(.text)
    XMC_SCU_RESET_AssertPeripheralReset      0x08001117   Thumb Code    20  xmc4_scu.o(.text)
    XMC_SCU_RESET_DeassertPeripheralReset    0x0800112b   Thumb Code    22  xmc4_scu.o(.text)
    XMC_SCU_RESET_IsPeripheralResetAsserted  0x08001141   Thumb Code    34  xmc4_scu.o(.text)
    XMC_SCU_CLOCK_GetSystemPllClockSourceFrequency 0x08001163   Thumb Code    22  xmc4_scu.o(.text)
    XMC_SCU_CLOCK_GetSystemPllClockFrequency 0x08001179   Thumb Code    94  xmc4_scu.o(.text)
    XMC_SCU_CLOCK_GetUsbPllClockFrequency    0x080011d7   Thumb Code    58  xmc4_scu.o(.text)
    XMC_SCU_CLOCK_GetCcuClockFrequency       0x08001211   Thumb Code    26  xmc4_scu.o(.text)
    XMC_SCU_CLOCK_GetUsbClockFrequency       0x0800122b   Thumb Code    54  xmc4_scu.o(.text)
    XMC_SCU_CLOCK_GetEbuClockFrequency       0x08001261   Thumb Code    26  xmc4_scu.o(.text)
    XMC_SCU_CLOCK_GetECATClockFrequency      0x0800127b   Thumb Code    48  xmc4_scu.o(.text)
    XMC_SCU_CLOCK_GetWdtClockFrequency       0x080012ab   Thumb Code    64  xmc4_scu.o(.text)
    XMC_SCU_CLOCK_GetExternalOutputClockFrequency 0x080012eb   Thumb Code    86  xmc4_scu.o(.text)
    XMC_SCU_CLOCK_GetPeripheralClockFrequency 0x08001341   Thumb Code    20  xmc4_scu.o(.text)
    XMC_SCU_CLOCK_SetUsbClockSource          0x08001355   Thumb Code    16  xmc4_scu.o(.text)
    XMC_SCU_CLOCK_SetWdtClockSource          0x08001365   Thumb Code    20  xmc4_scu.o(.text)
    XMC_SCU_CLOCK_SetExternalOutputClockSource 0x08001379   Thumb Code    20  xmc4_scu.o(.text)
    XMC_SCU_HIB_SetRtcClockSource            0x0800138d   Thumb Code    34  xmc4_scu.o(.text)
    XMC_SCU_CLOCK_SetUsbClockDivider         0x080013af   Thumb Code    38  xmc4_scu.o(.text)
    XMC_SCU_CLOCK_SetEbuClockDivider         0x080013d5   Thumb Code    42  xmc4_scu.o(.text)
    XMC_SCU_CLOCK_SetWdtClockDivider         0x080013ff   Thumb Code    44  xmc4_scu.o(.text)
    XMC_SCU_CLOCK_SetExternalOutputClockDivider 0x0800142b   Thumb Code    48  xmc4_scu.o(.text)
    XMC_SCU_CLOCK_SetECATClockDivider        0x0800145b   Thumb Code    22  xmc4_scu.o(.text)
    XMC_SCU_CLOCK_EnableClock                0x08001471   Thumb Code     8  xmc4_scu.o(.text)
    XMC_SCU_CLOCK_DisableClock               0x08001479   Thumb Code     8  xmc4_scu.o(.text)
    XMC_SCU_CLOCK_IsClockEnabled             0x08001481   Thumb Code    20  xmc4_scu.o(.text)
    XMC_SCU_CLOCK_GatePeripheralClock        0x08001495   Thumb Code   252  xmc4_scu.o(.text)
    XMC_SCU_CLOCK_UngatePeripheralClock      0x08001591   Thumb Code    20  xmc4_scu.o(.text)
    XMC_SCU_CLOCK_IsPeripheralClockGated     0x080015a5   Thumb Code    34  xmc4_scu.o(.text)
    XMC_SCU_POWER_GetEVR13Voltage            0x080015c7   Thumb Code    24  xmc4_scu.o(.text)
    XMC_SCU_POWER_GetEVR33Voltage            0x080015df   Thumb Code    26  xmc4_scu.o(.text)
    XMC_SCU_CLOCK_EnableUsbPll               0x080015f9   Thumb Code    18  xmc4_scu.o(.text)
    XMC_SCU_CLOCK_DisableUsbPll              0x0800160b   Thumb Code    20  xmc4_scu.o(.text)
    XMC_SCU_CLOCK_StartUsbPll                0x0800161f   Thumb Code    90  xmc4_scu.o(.text)
    XMC_SCU_CLOCK_StopUsbPll                 0x08001679   Thumb Code    12  xmc4_scu.o(.text)
    XMC_SCU_POWER_EnableUsb                  0x08001685   Thumb Code    12  xmc4_scu.o(.text)
    XMC_SCU_POWER_DisableUsb                 0x08001691   Thumb Code    12  xmc4_scu.o(.text)
    XMC_SCU_CLOCK_IsUsbPllLocked             0x0800169d   Thumb Code    12  xmc4_scu.o(.text)
    XMC_SCU_HIB_DisableHibernateDomain       0x080016a9   Thumb Code    16  xmc4_scu.o(.text)
    XMC_SCU_HIB_IsHibernateDomainEnabled     0x080016b9   Thumb Code    32  xmc4_scu.o(.text)
    XMC_SCU_HIB_EnableInternalSlowClock      0x080016d9   Thumb Code    34  xmc4_scu.o(.text)
    XMC_SCU_HIB_DisableInternalSlowClock     0x080016fb   Thumb Code    34  xmc4_scu.o(.text)
    XMC_SCU_HIB_ClearEventStatus             0x0800171d   Thumb Code    22  xmc4_scu.o(.text)
    XMC_SCU_HIB_TriggerEvent                 0x08001733   Thumb Code    22  xmc4_scu.o(.text)
    XMC_SCU_HIB_EnableEvent                  0x08001749   Thumb Code    32  xmc4_scu.o(.text)
    XMC_SCU_HIB_DisableEvent                 0x08001769   Thumb Code    32  xmc4_scu.o(.text)
    XMC_SCU_HIB_EnterHibernateState          0x08001789   Thumb Code    34  xmc4_scu.o(.text)
    XMC_SCU_HIB_EnterHibernateStateEx        0x080017ab   Thumb Code    12  xmc4_scu.o(.text)
    XMC_SCU_HIB_SetWakeupTriggerInput        0x080017b7   Thumb Code    56  xmc4_scu.o(.text)
    XMC_SCU_HIB_SetPinMode                   0x080017ef   Thumb Code    50  xmc4_scu.o(.text)
    XMC_SCU_HIB_SetPinOutputLevel            0x08001821   Thumb Code    44  xmc4_scu.o(.text)
    XMC_SCU_HIB_SetInput0                    0x0800184d   Thumb Code    56  xmc4_scu.o(.text)
    XMC_SCU_HIB_SetSR0Input                  0x08001885   Thumb Code    36  xmc4_scu.o(.text)
    XMC_SCU_CLOCK_DisableLowPowerOscillator  0x080018a9   Thumb Code    34  xmc4_scu.o(.text)
    XMC_SCU_CLOCK_EnableLowPowerOscillatorGeneralPurposeInput 0x080018cb   Thumb Code    34  xmc4_scu.o(.text)
    XMC_SCU_CLOCK_DisableLowPowerOscillatorGeneralPurposeInput 0x080018ed   Thumb Code    38  xmc4_scu.o(.text)
    XMC_SCU_CLOCK_GetLowPowerOscillatorGeneralPurposeInputStatus 0x08001913   Thumb Code    12  xmc4_scu.o(.text)
    XMC_SCU_CLOCK_DisableHighPerformanceOscillator 0x0800191f   Thumb Code    18  xmc4_scu.o(.text)
    XMC_SCU_CLOCK_EnableHighPerformanceOscillatorGeneralPurposeInput 0x08001931   Thumb Code    18  xmc4_scu.o(.text)
    XMC_SCU_CLOCK_DisableHighPerformanceOscillatorGeneralPurposeInput 0x08001943   Thumb Code    18  xmc4_scu.o(.text)
    XMC_SCU_CLOCK_GetHighPerformanceOscillatorGeneralPurposeInputStatus 0x08001955   Thumb Code    12  xmc4_scu.o(.text)
    XMC_SCU_CLOCK_StopSystemPll              0x08001961   Thumb Code    18  xmc4_scu.o(.text)
    XMC_SCU_CLOCK_IsSystemPllLocked          0x08001973   Thumb Code    42  xmc4_scu.o(.text)
    XMC_SCU_INTERRUPT_SetEventHandler        0x0800199d   Thumb Code    42  xmc4_scu.o(.text)
    XMC_SCU_IRQHandler                       0x080019c7   Thumb Code    58  xmc4_scu.o(.text)
    XMC_GPIO_SetMode                         0x08001a1d   Thumb Code   170  xmc_gpio.o(.text)
    XMC_GPIO_SetHardwareControl              0x08001ac7   Thumb Code   136  xmc_gpio.o(.text)
    XMC_UART_CH_Init                         0x08001c6d   Thumb Code   132  xmc_uart.o(.text)
    XMC_UART_CH_SetBaudrate                  0x08001cf1   Thumb Code    46  xmc_uart.o(.text)
    XMC_UART_CH_SetBaudrateEx                0x08001d1f   Thumb Code    64  xmc_uart.o(.text)
    XMC_UART_CH_Transmit                     0x08001d5f   Thumb Code    44  xmc_uart.o(.text)
    XMC_UART_CH_GetReceivedData              0x08001d8b   Thumb Code    26  xmc_uart.o(.text)
    XMC_UART_CH_Stop                         0x08001da5   Thumb Code    52  xmc_uart.o(.text)
    XMC_UART_CH_EnableEvent                  0x08001dd9   Thumb Code    22  xmc_uart.o(.text)
    XMC_UART_CH_DisableEvent                 0x08001def   Thumb Code    22  xmc_uart.o(.text)
    XMC_USIC_Enable                          0x08001e05   Thumb Code   164  xmc_usic.o(.text)
    XMC_USIC_CH_Enable                       0x08001ea9   Thumb Code   190  xmc_usic.o(.text)
    XMC_USIC_CH_Disable                      0x08001f67   Thumb Code    14  xmc_usic.o(.text)
    XMC_USIC_CH_SetBaudrate                  0x08001f75   Thumb Code   146  xmc_usic.o(.text)
    XMC_USIC_CH_SetBaudrateEx                0x08002007   Thumb Code   174  xmc_usic.o(.text)
    XMC_USIC_CH_GetBaudrate                  0x080020b5   Thumb Code   210  xmc_usic.o(.text)
    XMC_USIC_CH_GetSCLKFrequency             0x08002187   Thumb Code   268  xmc_usic.o(.text)
    XMC_USIC_CH_GetMCLKFrequency             0x08002293   Thumb Code   120  xmc_usic.o(.text)
    XMC_USIC_CH_ConfigExternalInputSignalToBRG 0x0800230b   Thumb Code   120  xmc_usic.o(.text)
    XMC_USIC_CH_TXFIFO_Configure             0x08002383   Thumb Code    38  xmc_usic.o(.text)
    XMC_USIC_CH_RXFIFO_Configure             0x080023a9   Thumb Code    42  xmc_usic.o(.text)
    XMC_USIC_CH_TXFIFO_SetSizeTriggerLimit   0x080023d3   Thumb Code    34  xmc_usic.o(.text)
    XMC_USIC_CH_RXFIFO_SetSizeTriggerLimit   0x080023f5   Thumb Code    34  xmc_usic.o(.text)
    XMC_USIC_CH_SetInterruptNodePointer      0x08002417   Thumb Code    20  xmc_usic.o(.text)
    XMC_USIC_CH_TXFIFO_SetInterruptNodePointer 0x0800242b   Thumb Code    24  xmc_usic.o(.text)
    XMC_USIC_CH_RXFIFO_SetInterruptNodePointer 0x08002443   Thumb Code    24  xmc_usic.o(.text)
    XMC_USIC_Disable                         0x0800245b   Thumb Code    84  xmc_usic.o(.text)
    Reset_Handler                            0x080024d9   Thumb Code    12  startup_xmc4800.o(.text)
    BusFault_Handler                         0x080024e5   Thumb Code     0  startup_xmc4800.o(.text)
    CAN0_0_IRQHandler                        0x080024e5   Thumb Code     0  startup_xmc4800.o(.text)
    CAN0_1_IRQHandler                        0x080024e5   Thumb Code     0  startup_xmc4800.o(.text)
    CAN0_2_IRQHandler                        0x080024e5   Thumb Code     0  startup_xmc4800.o(.text)
    CAN0_3_IRQHandler                        0x080024e5   Thumb Code     0  startup_xmc4800.o(.text)
    CAN0_4_IRQHandler                        0x080024e5   Thumb Code     0  startup_xmc4800.o(.text)
    CAN0_5_IRQHandler                        0x080024e5   Thumb Code     0  startup_xmc4800.o(.text)
    CAN0_6_IRQHandler                        0x080024e5   Thumb Code     0  startup_xmc4800.o(.text)
    CAN0_7_IRQHandler                        0x080024e5   Thumb Code     0  startup_xmc4800.o(.text)
    CCU40_0_IRQHandler                       0x080024e5   Thumb Code     0  startup_xmc4800.o(.text)
    CCU40_1_IRQHandler                       0x080024e5   Thumb Code     0  startup_xmc4800.o(.text)
    CCU40_2_IRQHandler                       0x080024e5   Thumb Code     0  startup_xmc4800.o(.text)
    CCU40_3_IRQHandler                       0x080024e5   Thumb Code     0  startup_xmc4800.o(.text)
    CCU41_0_IRQHandler                       0x080024e5   Thumb Code     0  startup_xmc4800.o(.text)
    CCU41_1_IRQHandler                       0x080024e5   Thumb Code     0  startup_xmc4800.o(.text)
    CCU41_2_IRQHandler                       0x080024e5   Thumb Code     0  startup_xmc4800.o(.text)
    CCU41_3_IRQHandler                       0x080024e5   Thumb Code     0  startup_xmc4800.o(.text)
    CCU42_0_IRQHandler                       0x080024e5   Thumb Code     0  startup_xmc4800.o(.text)
    CCU42_1_IRQHandler                       0x080024e5   Thumb Code     0  startup_xmc4800.o(.text)
    CCU42_2_IRQHandler                       0x080024e5   Thumb Code     0  startup_xmc4800.o(.text)
    CCU42_3_IRQHandler                       0x080024e5   Thumb Code     0  startup_xmc4800.o(.text)
    CCU43_0_IRQHandler                       0x080024e5   Thumb Code     0  startup_xmc4800.o(.text)
    CCU43_1_IRQHandler                       0x080024e5   Thumb Code     0  startup_xmc4800.o(.text)
    CCU43_2_IRQHandler                       0x080024e5   Thumb Code     0  startup_xmc4800.o(.text)
    CCU43_3_IRQHandler                       0x080024e5   Thumb Code     0  startup_xmc4800.o(.text)
    CCU80_0_IRQHandler                       0x080024e5   Thumb Code     0  startup_xmc4800.o(.text)
    CCU80_1_IRQHandler                       0x080024e5   Thumb Code     0  startup_xmc4800.o(.text)
    CCU80_2_IRQHandler                       0x080024e5   Thumb Code     0  startup_xmc4800.o(.text)
    CCU80_3_IRQHandler                       0x080024e5   Thumb Code     0  startup_xmc4800.o(.text)
    CCU81_0_IRQHandler                       0x080024e5   Thumb Code     0  startup_xmc4800.o(.text)
    CCU81_1_IRQHandler                       0x080024e5   Thumb Code     0  startup_xmc4800.o(.text)
    CCU81_2_IRQHandler                       0x080024e5   Thumb Code     0  startup_xmc4800.o(.text)
    CCU81_3_IRQHandler                       0x080024e5   Thumb Code     0  startup_xmc4800.o(.text)
    DAC0_0_IRQHandler                        0x080024e5   Thumb Code     0  startup_xmc4800.o(.text)
    DAC0_1_IRQHandler                        0x080024e5   Thumb Code     0  startup_xmc4800.o(.text)
    DSD0_0_IRQHandler                        0x080024e5   Thumb Code     0  startup_xmc4800.o(.text)
    DSD0_1_IRQHandler                        0x080024e5   Thumb Code     0  startup_xmc4800.o(.text)
    DSD0_2_IRQHandler                        0x080024e5   Thumb Code     0  startup_xmc4800.o(.text)
    DSD0_3_IRQHandler                        0x080024e5   Thumb Code     0  startup_xmc4800.o(.text)
    DSD0_4_IRQHandler                        0x080024e5   Thumb Code     0  startup_xmc4800.o(.text)
    DSD0_5_IRQHandler                        0x080024e5   Thumb Code     0  startup_xmc4800.o(.text)
    DSD0_6_IRQHandler                        0x080024e5   Thumb Code     0  startup_xmc4800.o(.text)
    DSD0_7_IRQHandler                        0x080024e5   Thumb Code     0  startup_xmc4800.o(.text)
    DebugMon_Handler                         0x080024e5   Thumb Code     0  startup_xmc4800.o(.text)
    ECAT0_0_IRQHandler                       0x080024e5   Thumb Code     0  startup_xmc4800.o(.text)
    ERU0_0_IRQHandler                        0x080024e5   Thumb Code     0  startup_xmc4800.o(.text)
    ERU0_1_IRQHandler                        0x080024e5   Thumb Code     0  startup_xmc4800.o(.text)
    ERU0_2_IRQHandler                        0x080024e5   Thumb Code     0  startup_xmc4800.o(.text)
    ERU0_3_IRQHandler                        0x080024e5   Thumb Code     0  startup_xmc4800.o(.text)
    ERU1_0_IRQHandler                        0x080024e5   Thumb Code     0  startup_xmc4800.o(.text)
    ERU1_1_IRQHandler                        0x080024e5   Thumb Code     0  startup_xmc4800.o(.text)
    ERU1_2_IRQHandler                        0x080024e5   Thumb Code     0  startup_xmc4800.o(.text)
    ERU1_3_IRQHandler                        0x080024e5   Thumb Code     0  startup_xmc4800.o(.text)
    ETH0_0_IRQHandler                        0x080024e5   Thumb Code     0  startup_xmc4800.o(.text)
    FCE0_0_IRQHandler                        0x080024e5   Thumb Code     0  startup_xmc4800.o(.text)
    GPDMA0_0_IRQHandler                      0x080024e5   Thumb Code     0  startup_xmc4800.o(.text)
    GPDMA1_0_IRQHandler                      0x080024e5   Thumb Code     0  startup_xmc4800.o(.text)
    HardFault_Handler                        0x080024e5   Thumb Code     0  startup_xmc4800.o(.text)
    LEDTS0_0_IRQHandler                      0x080024e5   Thumb Code     0  startup_xmc4800.o(.text)
    MemManage_Handler                        0x080024e5   Thumb Code     0  startup_xmc4800.o(.text)
    NMI_Handler                              0x080024e5   Thumb Code     0  startup_xmc4800.o(.text)
    PMU0_0_IRQHandler                        0x080024e5   Thumb Code     0  startup_xmc4800.o(.text)
    POSIF0_0_IRQHandler                      0x080024e5   Thumb Code     0  startup_xmc4800.o(.text)
    POSIF0_1_IRQHandler                      0x080024e5   Thumb Code     0  startup_xmc4800.o(.text)
    POSIF1_0_IRQHandler                      0x080024e5   Thumb Code     0  startup_xmc4800.o(.text)
    POSIF1_1_IRQHandler                      0x080024e5   Thumb Code     0  startup_xmc4800.o(.text)
    PendSV_Handler                           0x080024e5   Thumb Code     0  startup_xmc4800.o(.text)
    SCU_0_IRQHandler                         0x080024e5   Thumb Code     0  startup_xmc4800.o(.text)
    SDMMC0_0_IRQHandler                      0x080024e5   Thumb Code     0  startup_xmc4800.o(.text)
    SVC_Handler                              0x080024e5   Thumb Code     0  startup_xmc4800.o(.text)
    SysTick_Handler                          0x080024e5   Thumb Code     0  startup_xmc4800.o(.text)
    USB0_0_IRQHandler                        0x080024e5   Thumb Code     0  startup_xmc4800.o(.text)
    USIC0_1_IRQHandler                       0x080024e5   Thumb Code     0  startup_xmc4800.o(.text)
    USIC0_2_IRQHandler                       0x080024e5   Thumb Code     0  startup_xmc4800.o(.text)
    USIC0_3_IRQHandler                       0x080024e5   Thumb Code     0  startup_xmc4800.o(.text)
    USIC0_4_IRQHandler                       0x080024e5   Thumb Code     0  startup_xmc4800.o(.text)
    USIC0_5_IRQHandler                       0x080024e5   Thumb Code     0  startup_xmc4800.o(.text)
    USIC1_0_IRQHandler                       0x080024e5   Thumb Code     0  startup_xmc4800.o(.text)
    USIC1_1_IRQHandler                       0x080024e5   Thumb Code     0  startup_xmc4800.o(.text)
    USIC1_2_IRQHandler                       0x080024e5   Thumb Code     0  startup_xmc4800.o(.text)
    USIC1_3_IRQHandler                       0x080024e5   Thumb Code     0  startup_xmc4800.o(.text)
    USIC1_4_IRQHandler                       0x080024e5   Thumb Code     0  startup_xmc4800.o(.text)
    USIC1_5_IRQHandler                       0x080024e5   Thumb Code     0  startup_xmc4800.o(.text)
    USIC2_0_IRQHandler                       0x080024e5   Thumb Code     0  startup_xmc4800.o(.text)
    USIC2_1_IRQHandler                       0x080024e5   Thumb Code     0  startup_xmc4800.o(.text)
    USIC2_2_IRQHandler                       0x080024e5   Thumb Code     0  startup_xmc4800.o(.text)
    USIC2_3_IRQHandler                       0x080024e5   Thumb Code     0  startup_xmc4800.o(.text)
    USIC2_4_IRQHandler                       0x080024e5   Thumb Code     0  startup_xmc4800.o(.text)
    USIC2_5_IRQHandler                       0x080024e5   Thumb Code     0  startup_xmc4800.o(.text)
    UsageFault_Handler                       0x080024e5   Thumb Code     0  startup_xmc4800.o(.text)
    VADC0_C0_0_IRQHandler                    0x080024e5   Thumb Code     0  startup_xmc4800.o(.text)
    VADC0_C0_1_IRQHandler                    0x080024e5   Thumb Code     0  startup_xmc4800.o(.text)
    VADC0_C0_2_IRQHandler                    0x080024e5   Thumb Code     0  startup_xmc4800.o(.text)
    VADC0_C0_3_IRQHandler                    0x080024e5   Thumb Code     0  startup_xmc4800.o(.text)
    VADC0_G0_0_IRQHandler                    0x080024e5   Thumb Code     0  startup_xmc4800.o(.text)
    VADC0_G0_1_IRQHandler                    0x080024e5   Thumb Code     0  startup_xmc4800.o(.text)
    VADC0_G0_2_IRQHandler                    0x080024e5   Thumb Code     0  startup_xmc4800.o(.text)
    VADC0_G0_3_IRQHandler                    0x080024e5   Thumb Code     0  startup_xmc4800.o(.text)
    VADC0_G1_0_IRQHandler                    0x080024e5   Thumb Code     0  startup_xmc4800.o(.text)
    VADC0_G1_1_IRQHandler                    0x080024e5   Thumb Code     0  startup_xmc4800.o(.text)
    VADC0_G1_2_IRQHandler                    0x080024e5   Thumb Code     0  startup_xmc4800.o(.text)
    VADC0_G1_3_IRQHandler                    0x080024e5   Thumb Code     0  startup_xmc4800.o(.text)
    VADC0_G2_0_IRQHandler                    0x080024e5   Thumb Code     0  startup_xmc4800.o(.text)
    VADC0_G2_1_IRQHandler                    0x080024e5   Thumb Code     0  startup_xmc4800.o(.text)
    VADC0_G2_2_IRQHandler                    0x080024e5   Thumb Code     0  startup_xmc4800.o(.text)
    VADC0_G2_3_IRQHandler                    0x080024e5   Thumb Code     0  startup_xmc4800.o(.text)
    VADC0_G3_0_IRQHandler                    0x080024e5   Thumb Code     0  startup_xmc4800.o(.text)
    VADC0_G3_1_IRQHandler                    0x080024e5   Thumb Code     0  startup_xmc4800.o(.text)
    VADC0_G3_2_IRQHandler                    0x080024e5   Thumb Code     0  startup_xmc4800.o(.text)
    VADC0_G3_3_IRQHandler                    0x080024e5   Thumb Code     0  startup_xmc4800.o(.text)
    __user_initial_stackheap                 0x080024e9   Thumb Code     0  startup_xmc4800.o(.text)
    OSCHP_GetFrequency                       0x08002529   Thumb Code     4  system_xmc4800.o(.text)
    SystemCoreClockUpdate                    0x0800252d   Thumb Code   148  system_xmc4800.o(.text)
    SystemCoreClockSetup                     0x080025c1   Thumb Code   710  system_xmc4800.o(.text)
    SystemCoreSetup                          0x08002887   Thumb Code    62  system_xmc4800.o(.text)
    SystemInit                               0x080028c5   Thumb Code    22  system_xmc4800.o(.text)
    __2printf                                0x0800293d   Thumb Code    20  noretval__2printf.o(.text)
    __printf                                 0x08002955   Thumb Code   104  __printf.o(.text)
    _printf_str                              0x080029bd   Thumb Code    82  _printf_str.o(.text)
    _printf_int_dec                          0x08002a11   Thumb Code   104  _printf_dec.o(.text)
    strlen                                   0x08002a89   Thumb Code    62  strlen.o(.text)
    __aeabi_memcpy                           0x08002ac7   Thumb Code     0  rt_memcpy_v6.o(.text)
    __rt_memcpy                              0x08002ac7   Thumb Code   138  rt_memcpy_v6.o(.text)
    _memcpy_lastbytes                        0x08002b2d   Thumb Code     0  rt_memcpy_v6.o(.text)
    strcmp                                   0x08002b51   Thumb Code   128  strcmpv7m.o(.text)
    __use_two_region_memory                  0x08002bd1   Thumb Code     2  heapauxi.o(.text)
    __rt_heap_escrow                         0x08002bd3   Thumb Code     2  heapauxi.o(.text)
    __rt_heap_expand                         0x08002bd5   Thumb Code     2  heapauxi.o(.text)
    _printf_int_common                       0x08002bd7   Thumb Code   178  _printf_intcommon.o(.text)
    _printf_cs_common                        0x08002c89   Thumb Code    20  _printf_char.o(.text)
    _printf_char                             0x08002c9d   Thumb Code    16  _printf_char.o(.text)
    _printf_string                           0x08002cad   Thumb Code     8  _printf_char.o(.text)
    _printf_char_file                        0x08002cb5   Thumb Code    32  _printf_char_file.o(.text)
    __aeabi_memcpy4                          0x08002cd9   Thumb Code     0  rt_memcpy_w.o(.text)
    __aeabi_memcpy8                          0x08002cd9   Thumb Code     0  rt_memcpy_w.o(.text)
    __rt_memcpy_w                            0x08002cd9   Thumb Code   100  rt_memcpy_w.o(.text)
    _memcpy_lastbytes_aligned                0x08002d21   Thumb Code     0  rt_memcpy_w.o(.text)
    _printf_char_common                      0x08002d47   Thumb Code    32  _printf_char_common.o(.text)
    ferror                                   0x08002d6d   Thumb Code     8  ferror.o(.text)
    _initio                                  0x08002d75   Thumb Code   210  initio.o(.text)
    _terminateio                             0x08002e47   Thumb Code    56  initio.o(.text)
    __user_setup_stackheap                   0x08002ead   Thumb Code    74  sys_stackheap_outer.o(.text)
    free                                     0x08002ef7   Thumb Code    78  h1_free.o(.text)
    __flsbuf                                 0x08002f45   Thumb Code   470  flsbuf.o(.text)
    __flsbuf_byte                            0x08002f45   Thumb Code     0  flsbuf.o(.text)
    __flsbuf_wide                            0x08002f45   Thumb Code     0  flsbuf.o(.text)
    setvbuf                                  0x0800311b   Thumb Code    70  setvbuf.o(.text)
    freopen                                  0x08003161   Thumb Code   158  fopen.o(.text)
    fopen                                    0x080031ff   Thumb Code    74  fopen.o(.text)
    _fclose_internal                         0x0800324d   Thumb Code    76  fclose.o(.text)
    fclose                                   0x0800324d   Thumb Code     0  fclose.o(.text)
    exit                                     0x08003299   Thumb Code    18  exit.o(.text)
    __rt_SIGRTRED                            0x080032ab   Thumb Code    14  defsig_rtred_outer.o(.text)
    __aeabi_memclr4                          0x080032b9   Thumb Code     0  rt_memclr_w.o(.text)
    __aeabi_memclr8                          0x080032b9   Thumb Code     0  rt_memclr_w.o(.text)
    __rt_memclr_w                            0x080032b9   Thumb Code    78  rt_memclr_w.o(.text)
    _memset_w                                0x080032bd   Thumb Code     0  rt_memclr_w.o(.text)
    __user_libspace                          0x08003309   Thumb Code     8  libspace.o(.text)
    __user_perproc_libspace                  0x08003309   Thumb Code     0  libspace.o(.text)
    __user_perthread_libspace                0x08003309   Thumb Code     0  libspace.o(.text)
    __rt_heap_descriptor                     0x08003311   Thumb Code     8  rt_heap_descriptor_intlibspace.o(.text)
    __use_no_heap                            0x08003319   Thumb Code     2  hguard.o(.text)
    __heap$guard                             0x0800331b   Thumb Code     2  hguard.o(.text)
    _terminate_user_alloc                    0x0800331d   Thumb Code     2  init_alloc.o(.text)
    _init_user_alloc                         0x0800331f   Thumb Code     2  init_alloc.o(.text)
    __Heap_Full                              0x08003321   Thumb Code    34  init_alloc.o(.text)
    __Heap_Broken                            0x08003343   Thumb Code     6  init_alloc.o(.text)
    _init_alloc                              0x08003349   Thumb Code    94  init_alloc.o(.text)
    malloc                                   0x080033a7   Thumb Code    94  h1_alloc.o(.text)
    _fseek                                   0x08003405   Thumb Code   242  fseek.o(.text)
    fseek                                    0x08003405   Thumb Code     0  fseek.o(.text)
    _seterr                                  0x080034fd   Thumb Code    20  stdio.o(.text)
    _writebuf                                0x08003511   Thumb Code    84  stdio.o(.text)
    _fflush                                  0x08003565   Thumb Code    70  stdio.o(.text)
    _deferredlazyseek                        0x080035ab   Thumb Code    60  stdio.o(.text)
    __sig_exit                               0x080035ed   Thumb Code    10  defsig_exit.o(.text)
    __rt_SIGRTRED_inner                      0x080035f9   Thumb Code    14  defsig_rtred_inner.o(.text)
    _sys_exit                                0x0800362d   Thumb Code     8  sys_exit.o(.text)
    __Heap_Initialize                        0x08003639   Thumb Code    10  h1_init.o(.text)
    __Heap_DescSize                          0x08003643   Thumb Code     4  h1_init.o(.text)
    __Heap_ProvideMemory                     0x08003647   Thumb Code    52  h1_extend.o(.text)
    _ftell_internal                          0x0800367b   Thumb Code    66  ftell.o(.text)
    ftell                                    0x0800367b   Thumb Code     0  ftell.o(.text)
    __default_signal_display                 0x080036bd   Thumb Code    50  defsig_general.o(.text)
    __rt_SIGRTMEM                            0x080036ef   Thumb Code    14  defsig_rtmem_outer.o(.text)
    _ttywrch                                 0x080036fd   Thumb Code    14  sys_wrch.o(.text)
    __I$use$semihosting                      0x0800370b   Thumb Code     0  use_no_semi.o(.text)
    __use_no_semihosting_swi                 0x0800370b   Thumb Code     2  use_no_semi.o(.text)
    __aeabi_errno_addr                       0x0800370d   Thumb Code     8  rt_errno_addr_intlibspace.o(.text)
    __errno$intlibspace                      0x0800370d   Thumb Code     0  rt_errno_addr_intlibspace.o(.text)
    __rt_errno_addr$intlibspace              0x0800370d   Thumb Code     0  rt_errno_addr_intlibspace.o(.text)
    __semihosting_library_function           0x0800370d   Thumb Code     0  indicate_semi.o(.text)
    __rt_SIGRTMEM_inner                      0x08003715   Thumb Code    22  defsig_rtmem_inner.o(.text)
    fputc                                    0x08003765   Thumb Code    26  fputc.o(i.fputc)
    _fp_init                                 0x0800377f   Thumb Code    10  fpinit.o(x$fpl$fpinit)
    __fplib_config_fpu_vfp                   0x08003787   Thumb Code     0  fpinit.o(x$fpl$fpinit)
    __fplib_config_pureend_doubles           0x08003787   Thumb Code     0  fpinit.o(x$fpl$fpinit)
    uart_config                              0x08003788   Data          12  serial.o(.constdata)
    __stdin_name                             0x08003794   Data           7  retarget_io_1.o(.constdata)
    __stdout_name                            0x0800379b   Data           8  retarget_io_1.o(.constdata)
    __stderr_name                            0x080037a3   Data           8  retarget_io_1.o(.constdata)
    Region$$Table$$Base                      0x080039fc   Number         0  anon$$obj.o(Region$$Table)
    Region$$Table$$Limit                     0x08003a1c   Number         0  anon$$obj.o(Region$$Table)
    serial_buffer                            0x20000024   Data          16  serial.o(.data)
    __aeabi_stdin                            0x20000040   Data           4  stdio_streams.o(.data)
    __aeabi_stdout                           0x20000044   Data           4  stdio_streams.o(.data)
    __aeabi_stderr                           0x20000048   Data           4  stdio_streams.o(.data)
    serial_buffer_data                       0x2000004c   Data         128  serial.o(.bss)
    event_handler_list                       0x200000cc   Data         128  xmc4_scu.o(.bss)
    __stdin                                  0x2000014c   Data          84  stdio_streams.o(.bss)
    __stdout                                 0x200001a0   Data          84  stdio_streams.o(.bss)
    __stderr                                 0x200001f4   Data          84  stdio_streams.o(.bss)
    __libspace_start                         0x20000248   Data          96  libspace.o(.bss)
    __temporary_stack_top$libspace           0x200002a8   Data           0  libspace.o(.bss)
    SystemCoreClock                          0x2003ffc0   Data           4  system_xmc4800.o(.ARM.__AT_0x2003FFC0)
    g_chipid                                 0x2003ffc4   Data          16  system_xmc4800.o(.ARM.__AT_0x2003FFC4)



==============================================================================

Memory Map of the image

  Image Entry point : 0x08000201

  Load Region LR_IROM1 (Base: 0x08000000, Size: 0x00003a68, Max: 0x00100000, ABSOLUTE)

    Execution Region ER_IROM1 (Exec base: 0x08000000, Load base: 0x08000000, Size: 0x00003a1c, Max: 0x00100000, ABSOLUTE)

    Exec Addr    Load Addr    Size         Type   Attr      Idx    E Section Name        Object

    0x08000000   0x08000000   0x00000200   Data   RO          422    RESET               startup_xmc4800.o
    0x08000200   0x08000200   0x00000008   Code   RO          502  * !!!main             c_w.l(__main.o)
    0x08000208   0x08000208   0x00000034   Code   RO          846    !!!scatter          c_w.l(__scatter.o)
    0x0800023c   0x0800023c   0x0000001a   Code   RO          848    !!handler_copy      c_w.l(__scatter_copy.o)
    0x08000256   0x08000256   0x00000002   PAD
    0x08000258   0x08000258   0x0000001c   Code   RO          850    !!handler_zi        c_w.l(__scatter_zi.o)
    0x08000274   0x08000274   0x00000000   Code   RO          493    .ARM.Collect$$_printf_percent$$00000000  c_w.l(_printf_percent.o)
    0x08000274   0x08000274   0x00000006   Code   RO          492    .ARM.Collect$$_printf_percent$$0000000A  c_w.l(_printf_u.o)
    0x0800027a   0x0800027a   0x00000006   Code   RO          491    .ARM.Collect$$_printf_percent$$00000014  c_w.l(_printf_s.o)
    0x08000280   0x08000280   0x00000004   Code   RO          511    .ARM.Collect$$_printf_percent$$00000017  c_w.l(_printf_percent_end.o)
    0x08000284   0x08000284   0x00000002   Code   RO          639    .ARM.Collect$$libinit$$00000000  c_w.l(libinit.o)
    0x08000286   0x08000286   0x00000004   Code   RO          640    .ARM.Collect$$libinit$$00000001  c_w.l(libinit2.o)
    0x0800028a   0x0800028a   0x00000000   Code   RO          643    .ARM.Collect$$libinit$$00000004  c_w.l(libinit2.o)
    0x0800028a   0x0800028a   0x00000008   Code   RO          644    .ARM.Collect$$libinit$$00000005  c_w.l(libinit2.o)
    0x08000292   0x08000292   0x00000000   Code   RO          646    .ARM.Collect$$libinit$$0000000A  c_w.l(libinit2.o)
    0x08000292   0x08000292   0x00000000   Code   RO          648    .ARM.Collect$$libinit$$0000000C  c_w.l(libinit2.o)
    0x08000292   0x08000292   0x00000000   Code   RO          650    .ARM.Collect$$libinit$$0000000E  c_w.l(libinit2.o)
    0x08000292   0x08000292   0x00000000   Code   RO          653    .ARM.Collect$$libinit$$00000011  c_w.l(libinit2.o)
    0x08000292   0x08000292   0x00000000   Code   RO          655    .ARM.Collect$$libinit$$00000013  c_w.l(libinit2.o)
    0x08000292   0x08000292   0x00000000   Code   RO          657    .ARM.Collect$$libinit$$00000015  c_w.l(libinit2.o)
    0x08000292   0x08000292   0x00000000   Code   RO          659    .ARM.Collect$$libinit$$00000017  c_w.l(libinit2.o)
    0x08000292   0x08000292   0x00000000   Code   RO          661    .ARM.Collect$$libinit$$00000019  c_w.l(libinit2.o)
    0x08000292   0x08000292   0x00000000   Code   RO          663    .ARM.Collect$$libinit$$0000001B  c_w.l(libinit2.o)
    0x08000292   0x08000292   0x00000000   Code   RO          665    .ARM.Collect$$libinit$$0000001D  c_w.l(libinit2.o)
    0x08000292   0x08000292   0x00000000   Code   RO          667    .ARM.Collect$$libinit$$0000001F  c_w.l(libinit2.o)
    0x08000292   0x08000292   0x00000000   Code   RO          669    .ARM.Collect$$libinit$$00000021  c_w.l(libinit2.o)
    0x08000292   0x08000292   0x00000000   Code   RO          671    .ARM.Collect$$libinit$$00000023  c_w.l(libinit2.o)
    0x08000292   0x08000292   0x00000004   Code   RO          672    .ARM.Collect$$libinit$$00000024  c_w.l(libinit2.o)
    0x08000296   0x08000296   0x00000000   Code   RO          673    .ARM.Collect$$libinit$$00000025  c_w.l(libinit2.o)
    0x08000296   0x08000296   0x00000000   Code   RO          677    .ARM.Collect$$libinit$$0000002C  c_w.l(libinit2.o)
    0x08000296   0x08000296   0x00000000   Code   RO          679    .ARM.Collect$$libinit$$0000002E  c_w.l(libinit2.o)
    0x08000296   0x08000296   0x00000000   Code   RO          681    .ARM.Collect$$libinit$$00000030  c_w.l(libinit2.o)
    0x08000296   0x08000296   0x00000000   Code   RO          683    .ARM.Collect$$libinit$$00000032  c_w.l(libinit2.o)
    0x08000296   0x08000296   0x00000002   Code   RO          684    .ARM.Collect$$libinit$$00000033  c_w.l(libinit2.o)
    0x08000298   0x08000298   0x00000002   Code   RO          825    .ARM.Collect$$libshutdown$$00000000  c_w.l(libshutdown.o)
    0x0800029a   0x0800029a   0x00000000   Code   RO          686    .ARM.Collect$$libshutdown$$00000002  c_w.l(libshutdown2.o)
    0x0800029a   0x0800029a   0x00000004   Code   RO          687    .ARM.Collect$$libshutdown$$00000003  c_w.l(libshutdown2.o)
    0x0800029e   0x0800029e   0x00000000   Code   RO          688    .ARM.Collect$$libshutdown$$00000004  c_w.l(libshutdown2.o)
    0x0800029e   0x0800029e   0x00000000   Code   RO          691    .ARM.Collect$$libshutdown$$00000007  c_w.l(libshutdown2.o)
    0x0800029e   0x0800029e   0x00000000   Code   RO          694    .ARM.Collect$$libshutdown$$0000000A  c_w.l(libshutdown2.o)
    0x0800029e   0x0800029e   0x00000000   Code   RO          696    .ARM.Collect$$libshutdown$$0000000C  c_w.l(libshutdown2.o)
    0x0800029e   0x0800029e   0x00000000   Code   RO          699    .ARM.Collect$$libshutdown$$0000000F  c_w.l(libshutdown2.o)
    0x0800029e   0x0800029e   0x00000002   Code   RO          700    .ARM.Collect$$libshutdown$$00000010  c_w.l(libshutdown2.o)
    0x080002a0   0x080002a0   0x00000000   Code   RO          504    .ARM.Collect$$rtentry$$00000000  c_w.l(__rtentry.o)
    0x080002a0   0x080002a0   0x00000000   Code   RO          521    .ARM.Collect$$rtentry$$00000002  c_w.l(__rtentry2.o)
    0x080002a0   0x080002a0   0x00000006   Code   RO          533    .ARM.Collect$$rtentry$$00000004  c_w.l(__rtentry4.o)
    0x080002a6   0x080002a6   0x00000000   Code   RO          523    .ARM.Collect$$rtentry$$00000009  c_w.l(__rtentry2.o)
    0x080002a6   0x080002a6   0x00000004   Code   RO          524    .ARM.Collect$$rtentry$$0000000A  c_w.l(__rtentry2.o)
    0x080002aa   0x080002aa   0x00000000   Code   RO          526    .ARM.Collect$$rtentry$$0000000C  c_w.l(__rtentry2.o)
    0x080002aa   0x080002aa   0x00000008   Code   RO          527    .ARM.Collect$$rtentry$$0000000D  c_w.l(__rtentry2.o)
    0x080002b2   0x080002b2   0x00000002   Code   RO          706    .ARM.Collect$$rtexit$$00000000  c_w.l(rtexit.o)
    0x080002b4   0x080002b4   0x00000000   Code   RO          760    .ARM.Collect$$rtexit$$00000002  c_w.l(rtexit2.o)
    0x080002b4   0x080002b4   0x00000004   Code   RO          761    .ARM.Collect$$rtexit$$00000003  c_w.l(rtexit2.o)
    0x080002b8   0x080002b8   0x00000006   Code   RO          762    .ARM.Collect$$rtexit$$00000004  c_w.l(rtexit2.o)
    0x080002be   0x080002be   0x00000002   PAD
    0x080002c0   0x080002c0   0x00000000   Code   RO          766    .emb_text           c_w.l(maybetermalloc1.o)
    0x080002c0   0x080002c0   0x00000038   Code   RO            4    .text               main.o
    0x080002f8   0x080002f8   0x00000030   Code   RO          105    .text               retarget_io.o
    0x08000328   0x08000328   0x00000082   Code   RO          129    .text               ring_buffer.o
    0x080003aa   0x080003aa   0x00000002   PAD
    0x080003ac   0x080003ac   0x000001f0   Code   RO          162    .text               serial.o
    0x0800059c   0x0800059c   0x00000178   Code   RO          201    .text               retarget_io_1.o
    0x08000714   0x08000714   0x00001308   Code   RO          269    .text               xmc4_scu.o
    0x08001a1c   0x08001a1c   0x00000250   Code   RO          331    .text               xmc_gpio.o
    0x08001c6c   0x08001c6c   0x00000198   Code   RO          356    .text               xmc_uart.o
    0x08001e04   0x08001e04   0x000006d4   Code   RO          392    .text               xmc_usic.o
    0x080024d8   0x080024d8   0x00000038   Code   RO          423    .text               startup_xmc4800.o
    0x08002510   0x08002510   0x0000042c   Code   RO          430    .text               system_xmc4800.o
    0x0800293c   0x0800293c   0x00000018   Code   RO          463    .text               c_w.l(noretval__2printf.o)
    0x08002954   0x08002954   0x00000068   Code   RO          465    .text               c_w.l(__printf.o)
    0x080029bc   0x080029bc   0x00000052   Code   RO          467    .text               c_w.l(_printf_str.o)
    0x08002a0e   0x08002a0e   0x00000002   PAD
    0x08002a10   0x08002a10   0x00000078   Code   RO          469    .text               c_w.l(_printf_dec.o)
    0x08002a88   0x08002a88   0x0000003e   Code   RO          494    .text               c_w.l(strlen.o)
    0x08002ac6   0x08002ac6   0x0000008a   Code   RO          496    .text               c_w.l(rt_memcpy_v6.o)
    0x08002b50   0x08002b50   0x00000080   Code   RO          498    .text               c_w.l(strcmpv7m.o)
    0x08002bd0   0x08002bd0   0x00000006   Code   RO          500    .text               c_w.l(heapauxi.o)
    0x08002bd6   0x08002bd6   0x000000b2   Code   RO          505    .text               c_w.l(_printf_intcommon.o)
    0x08002c88   0x08002c88   0x0000002c   Code   RO          507    .text               c_w.l(_printf_char.o)
    0x08002cb4   0x08002cb4   0x00000024   Code   RO          509    .text               c_w.l(_printf_char_file.o)
    0x08002cd8   0x08002cd8   0x00000064   Code   RO          518    .text               c_w.l(rt_memcpy_w.o)
    0x08002d3c   0x08002d3c   0x00000030   Code   RO          535    .text               c_w.l(_printf_char_common.o)
    0x08002d6c   0x08002d6c   0x00000008   Code   RO          537    .text               c_w.l(ferror.o)
    0x08002d74   0x08002d74   0x00000138   Code   RO          543    .text               c_w.l(initio.o)
    0x08002eac   0x08002eac   0x0000004a   Code   RO          553    .text               c_w.l(sys_stackheap_outer.o)
    0x08002ef6   0x08002ef6   0x0000004e   Code   RO          557    .text               c_w.l(h1_free.o)
    0x08002f44   0x08002f44   0x000001d6   Code   RO          613    .text               c_w.l(flsbuf.o)
    0x0800311a   0x0800311a   0x00000046   Code   RO          615    .text               c_w.l(setvbuf.o)
    0x08003160   0x08003160   0x000000ec   Code   RO          618    .text               c_w.l(fopen.o)
    0x0800324c   0x0800324c   0x0000004c   Code   RO          620    .text               c_w.l(fclose.o)
    0x08003298   0x08003298   0x00000012   Code   RO          626    .text               c_w.l(exit.o)
    0x080032aa   0x080032aa   0x0000000e   Code   RO          628    .text               c_w.l(defsig_rtred_outer.o)
    0x080032b8   0x080032b8   0x0000004e   Code   RO          632    .text               c_w.l(rt_memclr_w.o)
    0x08003306   0x08003306   0x00000002   PAD
    0x08003308   0x08003308   0x00000008   Code   RO          703    .text               c_w.l(libspace.o)
    0x08003310   0x08003310   0x00000008   Code   RO          713    .text               c_w.l(rt_heap_descriptor_intlibspace.o)
    0x08003318   0x08003318   0x00000004   Code   RO          715    .text               c_w.l(hguard.o)
    0x0800331c   0x0800331c   0x0000008a   Code   RO          717    .text               c_w.l(init_alloc.o)
    0x080033a6   0x080033a6   0x0000005e   Code   RO          723    .text               c_w.l(h1_alloc.o)
    0x08003404   0x08003404   0x000000f8   Code   RO          739    .text               c_w.l(fseek.o)
    0x080034fc   0x080034fc   0x000000f0   Code   RO          741    .text               c_w.l(stdio.o)
    0x080035ec   0x080035ec   0x0000000a   Code   RO          747    .text               c_w.l(defsig_exit.o)
    0x080035f6   0x080035f6   0x00000002   PAD
    0x080035f8   0x080035f8   0x00000034   Code   RO          749    .text               c_w.l(defsig_rtred_inner.o)
    0x0800362c   0x0800362c   0x0000000c   Code   RO          757    .text               c_w.l(sys_exit.o)
    0x08003638   0x08003638   0x0000000e   Code   RO          768    .text               c_w.l(h1_init.o)
    0x08003646   0x08003646   0x00000034   Code   RO          770    .text               c_w.l(h1_extend.o)
    0x0800367a   0x0800367a   0x00000042   Code   RO          780    .text               c_w.l(ftell.o)
    0x080036bc   0x080036bc   0x00000032   Code   RO          788    .text               c_w.l(defsig_general.o)
    0x080036ee   0x080036ee   0x0000000e   Code   RO          790    .text               c_w.l(defsig_rtmem_outer.o)
    0x080036fc   0x080036fc   0x0000000e   Code   RO          803    .text               c_w.l(sys_wrch.o)
    0x0800370a   0x0800370a   0x00000002   Code   RO          807    .text               c_w.l(use_no_semi.o)
    0x0800370c   0x0800370c   0x00000000   Code   RO          809    .text               c_w.l(indicate_semi.o)
    0x0800370c   0x0800370c   0x00000008   Code   RO          813    .text               c_w.l(rt_errno_addr_intlibspace.o)
    0x08003714   0x08003714   0x00000050   Code   RO          819    .text               c_w.l(defsig_rtmem_inner.o)
    0x08003764   0x08003764   0x0000001a   Code   RO          540    i.fputc             c_w.l(fputc.o)
    0x0800377e   0x0800377e   0x0000000a   Code   RO          755    x$fpl$fpinit        fz_wm.l(fpinit.o)
    0x08003788   0x08003788   0x0000000c   Data   RO          164    .constdata          serial.o
    0x08003794   0x08003794   0x00000017   Data   RO          202    .constdata          retarget_io_1.o
    0x080037ab   0x080037ab   0x00000001   PAD
    0x080037ac   0x080037ac   0x000000f2   Data   RO          271    .conststring        xmc4_scu.o
    0x0800389e   0x0800389e   0x00000002   PAD
    0x080038a0   0x080038a0   0x00000067   Data   RO          332    .conststring        xmc_gpio.o
    0x08003907   0x08003907   0x00000001   PAD
    0x08003908   0x08003908   0x000000f1   Data   RO          393    .conststring        xmc_usic.o
    0x080039f9   0x080039f9   0x00000003   PAD
    0x080039fc   0x080039fc   0x00000020   Data   RO          844    Region$$Table       anon$$obj.o


    Execution Region RW_IRAM1 (Exec base: 0x20000000, Load base: 0x08003a1c, Size: 0x00000ca8, Max: 0x0000ffc0, ABSOLUTE)

    Exec Addr    Load Addr    Size         Type   Attr      Idx    E Section Name        Object

    0x20000000   0x08003a1c   0x00000040   Data   RW          165    .data               serial.o
    0x20000040   0x08003a5c   0x00000004   Data   RW          515    .data               c_w.l(stdio_streams.o)
    0x20000044   0x08003a60   0x00000004   Data   RW          516    .data               c_w.l(stdio_streams.o)
    0x20000048   0x08003a64   0x00000004   Data   RW          517    .data               c_w.l(stdio_streams.o)
    0x2000004c        -       0x00000080   Zero   RW          163    .bss                serial.o
    0x200000cc        -       0x00000080   Zero   RW          270    .bss                xmc4_scu.o
    0x2000014c        -       0x00000054   Zero   RW          512    .bss                c_w.l(stdio_streams.o)
    0x200001a0        -       0x00000054   Zero   RW          513    .bss                c_w.l(stdio_streams.o)
    0x200001f4        -       0x00000054   Zero   RW          514    .bss                c_w.l(stdio_streams.o)
    0x20000248        -       0x00000060   Zero   RW          704    .bss                c_w.l(libspace.o)
    0x200002a8        -       0x00000200   Zero   RW          421    HEAP                startup_xmc4800.o
    0x200004a8        -       0x00000800   Zero   RW          420    STACK               startup_xmc4800.o



  Load Region LR$$.ARM.__AT_0x2003FFC0 (Base: 0x2003ffc0, Size: 0x00000000, Max: 0x00000004, ABSOLUTE)

    Execution Region ER$$.ARM.__AT_0x2003FFC0 (Exec base: 0x2003ffc0, Load base: 0x2003ffc0, Size: 0x00000004, Max: 0x00000004, ABSOLUTE, UNINIT)

    Exec Addr    Load Addr    Size         Type   Attr      Idx    E Section Name        Object

    0x2003ffc0        -       0x00000004   Zero   RW          431    .ARM.__AT_0x2003FFC0  system_xmc4800.o



  Load Region LR$$.ARM.__AT_0x2003FFC4 (Base: 0x2003ffc4, Size: 0x00000000, Max: 0x00000010, ABSOLUTE)

    Execution Region ER$$.ARM.__AT_0x2003FFC4 (Exec base: 0x2003ffc4, Load base: 0x2003ffc4, Size: 0x00000010, Max: 0x00000010, ABSOLUTE, UNINIT)

    Exec Addr    Load Addr    Size         Type   Attr      Idx    E Section Name        Object

    0x2003ffc4        -       0x00000010   Zero   RW          432    .ARM.__AT_0x2003FFC4  system_xmc4800.o


==============================================================================

Image component sizes


      Code (inc. data)   RO Data    RW Data    ZI Data      Debug   Object Name

        56         26          0          0          0     535745   main.o
        48          8          0          0          0        799   retarget_io.o
       376         26         23          0          0       3802   retarget_io_1.o
       130          0          0          0          0       2615   ring_buffer.o
       496         38         12         64        128      49411   serial.o
        56         32        512          0       2560        560   startup_xmc4800.o
      1068         98          0          0         20       6142   system_xmc4800.o
         0          0          0          0          0       6032   xmc4_gpio.o
      4872        758        242          0        128      40176   xmc4_scu.o
       592        206        103          0          0       1915   xmc_gpio.o
       408          0          0          0          0      20224   xmc_uart.o
      1748        150        241          0          0      19459   xmc_usic.o

    ----------------------------------------------------------------------
      9852       1342       1172         64       2836     686880   Object Totals
         0          0         32          0          0          0   (incl. Generated)
         2          0          7          0          0          0   (incl. Padding)

    ----------------------------------------------------------------------

      Code (inc. data)   RO Data    RW Data    ZI Data      Debug   Library Member Name

         8          0          0          0          0         68   __main.o
       104          0          0          0          0         84   __printf.o
         0          0          0          0          0          0   __rtentry.o
        12          0          0          0          0          0   __rtentry2.o
         6          0          0          0          0          0   __rtentry4.o
        52          8          0          0          0          0   __scatter.o
        26          0          0          0          0          0   __scatter_copy.o
        28          0          0          0          0          0   __scatter_zi.o
        44          0          0          0          0        108   _printf_char.o
        48          6          0          0          0         96   _printf_char_common.o
        36          4          0          0          0         80   _printf_char_file.o
       120         16          0          0          0         92   _printf_dec.o
       178          0          0          0          0         88   _printf_intcommon.o
         0          0          0          0          0          0   _printf_percent.o
         4          0          0          0          0          0   _printf_percent_end.o
         6          0          0          0          0          0   _printf_s.o
        82          0          0          0          0         80   _printf_str.o
         6          0          0          0          0          0   _printf_u.o
        10          0          0          0          0         68   defsig_exit.o
        50          0          0          0          0         88   defsig_general.o
        80         58          0          0          0         76   defsig_rtmem_inner.o
        14          0          0          0          0         80   defsig_rtmem_outer.o
        52         38          0          0          0         76   defsig_rtred_inner.o
        14          0          0          0          0         80   defsig_rtred_outer.o
        18          0          0          0          0         80   exit.o
        76          0          0          0          0         88   fclose.o
         8          0          0          0          0         68   ferror.o
       470          0          0          0          0         88   flsbuf.o
       236          4          0          0          0        128   fopen.o
        26          0          0          0          0         68   fputc.o
       248          6          0          0          0         84   fseek.o
        66          0          0          0          0         76   ftell.o
        94          0          0          0          0         80   h1_alloc.o
        52          0          0          0          0         68   h1_extend.o
        78          0          0          0          0         80   h1_free.o
        14          0          0          0          0         84   h1_init.o
         6          0          0          0          0        152   heapauxi.o
         4          0          0          0          0        136   hguard.o
         0          0          0          0          0          0   indicate_semi.o
       138          0          0          0          0        168   init_alloc.o
       312         46          0          0          0        112   initio.o
         2          0          0          0          0          0   libinit.o
        18          0          0          0          0          0   libinit2.o
         2          0          0          0          0          0   libshutdown.o
         6          0          0          0          0          0   libshutdown2.o
         8          4          0          0         96         68   libspace.o
         0          0          0          0          0          0   maybetermalloc1.o
        24          4          0          0          0         84   noretval__2printf.o
         8          4          0          0          0         68   rt_errno_addr_intlibspace.o
         8          4          0          0          0         68   rt_heap_descriptor_intlibspace.o
        78          0          0          0          0         80   rt_memclr_w.o
       138          0          0          0          0         68   rt_memcpy_v6.o
       100          0          0          0          0         80   rt_memcpy_w.o
         2          0          0          0          0          0   rtexit.o
        10          0          0          0          0          0   rtexit2.o
        70          0          0          0          0         80   setvbuf.o
       240          6          0          0          0        156   stdio.o
         0          0          0         12        252          0   stdio_streams.o
       128          0          0          0          0         68   strcmpv7m.o
        62          0          0          0          0         76   strlen.o
        12          4          0          0          0         68   sys_exit.o
        74          0          0          0          0         80   sys_stackheap_outer.o
        14          0          0          0          0         76   sys_wrch.o
         2          0          0          0          0         68   use_no_semi.o
        10          0          0          0          0        116   fpinit.o

    ----------------------------------------------------------------------
      3852        212          0         12        348       4028   Library Totals
        10          0          0          0          0          0   (incl. Padding)

    ----------------------------------------------------------------------

      Code (inc. data)   RO Data    RW Data    ZI Data      Debug   Library Name

      3832        212          0         12        348       3912   c_w.l
        10          0          0          0          0        116   fz_wm.l

    ----------------------------------------------------------------------
      3852        212          0         12        348       4028   Library Totals

    ----------------------------------------------------------------------

==============================================================================


      Code (inc. data)   RO Data    RW Data    ZI Data      Debug   

     13704       1554       1172         76       3184     687324   Grand Totals
     13704       1554       1172         76       3184     687324   ELF Image Totals
     13704       1554       1172         76          0          0   ROM Totals

==============================================================================

    Total RO  Size (Code + RO Data)                14876 (  14.53kB)
    Total RW  Size (RW Data + ZI Data)              3260 (   3.18kB)
    Total ROM Size (Code + RO Data + RW Data)      14952 (  14.60kB)

==============================================================================

